Component: ARM Compiler 5.06 update 5 (build 528) Tool: armlink [4d35e2]

==============================================================================

Section Cross References

    misc.o(.ARM.exidx) refers to misc.o(i.NVIC_PriorityGroupConfig) for i.NVIC_PriorityGroupConfig
    misc.o(.ARM.exidx) refers to misc.o(i.NVIC_Init) for i.NVIC_Init
    misc.o(.ARM.exidx) refers to misc.o(i.NVIC_SetVectorTable) for i.NVIC_SetVectorTable
    misc.o(.ARM.exidx) refers to misc.o(i.NVIC_SystemLPConfig) for i.NVIC_SystemLPConfig
    misc.o(.ARM.exidx) refers to misc.o(i.SysTick_CLKSourceConfig) for i.SysTick_CLKSourceConfig
    stm32f10x_adc.o(i.ADC_DeInit) refers to stm32f10x_rcc.o(i.RCC_APB2PeriphResetCmd) for RCC_APB2PeriphResetCmd
    stm32f10x_adc.o(.ARM.exidx) refers to stm32f10x_adc.o(i.ADC_DeInit) for i.ADC_DeInit
    stm32f10x_adc.o(.ARM.exidx) refers to stm32f10x_adc.o(i.ADC_Init) for i.ADC_Init
    stm32f10x_adc.o(.ARM.exidx) refers to stm32f10x_adc.o(i.ADC_StructInit) for i.ADC_StructInit
    stm32f10x_adc.o(.ARM.exidx) refers to stm32f10x_adc.o(i.ADC_Cmd) for i.ADC_Cmd
    stm32f10x_adc.o(.ARM.exidx) refers to stm32f10x_adc.o(i.ADC_DMACmd) for i.ADC_DMACmd
    stm32f10x_adc.o(.ARM.exidx) refers to stm32f10x_adc.o(i.ADC_ITConfig) for i.ADC_ITConfig
    stm32f10x_adc.o(.ARM.exidx) refers to stm32f10x_adc.o(i.ADC_ResetCalibration) for i.ADC_ResetCalibration
    stm32f10x_adc.o(.ARM.exidx) refers to stm32f10x_adc.o(i.ADC_GetResetCalibrationStatus) for i.ADC_GetResetCalibrationStatus
    stm32f10x_adc.o(.ARM.exidx) refers to stm32f10x_adc.o(i.ADC_StartCalibration) for i.ADC_StartCalibration
    stm32f10x_adc.o(.ARM.exidx) refers to stm32f10x_adc.o(i.ADC_GetCalibrationStatus) for i.ADC_GetCalibrationStatus
    stm32f10x_adc.o(.ARM.exidx) refers to stm32f10x_adc.o(i.ADC_SoftwareStartConvCmd) for i.ADC_SoftwareStartConvCmd
    stm32f10x_adc.o(.ARM.exidx) refers to stm32f10x_adc.o(i.ADC_GetSoftwareStartConvStatus) for i.ADC_GetSoftwareStartConvStatus
    stm32f10x_adc.o(.ARM.exidx) refers to stm32f10x_adc.o(i.ADC_DiscModeChannelCountConfig) for i.ADC_DiscModeChannelCountConfig
    stm32f10x_adc.o(.ARM.exidx) refers to stm32f10x_adc.o(i.ADC_DiscModeCmd) for i.ADC_DiscModeCmd
    stm32f10x_adc.o(.ARM.exidx) refers to stm32f10x_adc.o(i.ADC_RegularChannelConfig) for i.ADC_RegularChannelConfig
    stm32f10x_adc.o(.ARM.exidx) refers to stm32f10x_adc.o(i.ADC_ExternalTrigConvCmd) for i.ADC_ExternalTrigConvCmd
    stm32f10x_adc.o(.ARM.exidx) refers to stm32f10x_adc.o(i.ADC_GetConversionValue) for i.ADC_GetConversionValue
    stm32f10x_adc.o(.ARM.exidx) refers to stm32f10x_adc.o(i.ADC_GetDualModeConversionValue) for i.ADC_GetDualModeConversionValue
    stm32f10x_adc.o(.ARM.exidx) refers to stm32f10x_adc.o(i.ADC_AutoInjectedConvCmd) for i.ADC_AutoInjectedConvCmd
    stm32f10x_adc.o(.ARM.exidx) refers to stm32f10x_adc.o(i.ADC_InjectedDiscModeCmd) for i.ADC_InjectedDiscModeCmd
    stm32f10x_adc.o(.ARM.exidx) refers to stm32f10x_adc.o(i.ADC_ExternalTrigInjectedConvConfig) for i.ADC_ExternalTrigInjectedConvConfig
    stm32f10x_adc.o(.ARM.exidx) refers to stm32f10x_adc.o(i.ADC_ExternalTrigInjectedConvCmd) for i.ADC_ExternalTrigInjectedConvCmd
    stm32f10x_adc.o(.ARM.exidx) refers to stm32f10x_adc.o(i.ADC_SoftwareStartInjectedConvCmd) for i.ADC_SoftwareStartInjectedConvCmd
    stm32f10x_adc.o(.ARM.exidx) refers to stm32f10x_adc.o(i.ADC_GetSoftwareStartInjectedConvCmdStatus) for i.ADC_GetSoftwareStartInjectedConvCmdStatus
    stm32f10x_adc.o(.ARM.exidx) refers to stm32f10x_adc.o(i.ADC_InjectedChannelConfig) for i.ADC_InjectedChannelConfig
    stm32f10x_adc.o(.ARM.exidx) refers to stm32f10x_adc.o(i.ADC_InjectedSequencerLengthConfig) for i.ADC_InjectedSequencerLengthConfig
    stm32f10x_adc.o(.ARM.exidx) refers to stm32f10x_adc.o(i.ADC_SetInjectedOffset) for i.ADC_SetInjectedOffset
    stm32f10x_adc.o(.ARM.exidx) refers to stm32f10x_adc.o(i.ADC_GetInjectedConversionValue) for i.ADC_GetInjectedConversionValue
    stm32f10x_adc.o(.ARM.exidx) refers to stm32f10x_adc.o(i.ADC_AnalogWatchdogCmd) for i.ADC_AnalogWatchdogCmd
    stm32f10x_adc.o(.ARM.exidx) refers to stm32f10x_adc.o(i.ADC_AnalogWatchdogThresholdsConfig) for i.ADC_AnalogWatchdogThresholdsConfig
    stm32f10x_adc.o(.ARM.exidx) refers to stm32f10x_adc.o(i.ADC_AnalogWatchdogSingleChannelConfig) for i.ADC_AnalogWatchdogSingleChannelConfig
    stm32f10x_adc.o(.ARM.exidx) refers to stm32f10x_adc.o(i.ADC_TempSensorVrefintCmd) for i.ADC_TempSensorVrefintCmd
    stm32f10x_adc.o(.ARM.exidx) refers to stm32f10x_adc.o(i.ADC_GetFlagStatus) for i.ADC_GetFlagStatus
    stm32f10x_adc.o(.ARM.exidx) refers to stm32f10x_adc.o(i.ADC_ClearFlag) for i.ADC_ClearFlag
    stm32f10x_adc.o(.ARM.exidx) refers to stm32f10x_adc.o(i.ADC_GetITStatus) for i.ADC_GetITStatus
    stm32f10x_adc.o(.ARM.exidx) refers to stm32f10x_adc.o(i.ADC_ClearITPendingBit) for i.ADC_ClearITPendingBit
    stm32f10x_bkp.o(i.BKP_DeInit) refers to stm32f10x_rcc.o(i.RCC_BackupResetCmd) for RCC_BackupResetCmd
[...]
    Removing stm32f10x_spi.o(i.SPI_Init), (60 bytes).
    Removing stm32f10x_spi.o(i.SPI_NSSInternalSoftwareConfig), (30 bytes).
    Removing stm32f10x_spi.o(i.SPI_SSOutputCmd), (24 bytes).
    Removing stm32f10x_spi.o(i.SPI_StructInit), (24 bytes).
    Removing stm32f10x_spi.o(i.SPI_TransmitCRC), (10 bytes).
    Removing stm32f10x_spi.o(.ARM.exidx), (8 bytes).
    Removing stm32f10x_spi.o(.ARM.exidx), (8 bytes).
    Removing stm32f10x_spi.o(.ARM.exidx), (8 bytes).
    Removing stm32f10x_spi.o(.ARM.exidx), (8 bytes).
    Removing stm32f10x_spi.o(.ARM.exidx), (8 bytes).
    Removing stm32f10x_spi.o(.ARM.exidx), (8 bytes).
    Removing stm32f10x_spi.o(.ARM.exidx), (8 bytes).
    Removing stm32f10x_spi.o(.ARM.exidx), (8 bytes).
    Removing stm32f10x_spi.o(.ARM.exidx), (8 bytes).
    Removing stm32f10x_spi.o(.ARM.exidx), (8 bytes).
    Removing stm32f10x_spi.o(.ARM.exidx), (8 bytes).
    Removing stm32f10x_spi.o(.ARM.exidx), (8 bytes).
    Removing stm32f10x_spi.o(.ARM.exidx), (8 bytes).
    Removing stm32f10x_spi.o(.ARM.exidx), (8 bytes).
    Removing stm32f10x_spi.o(.ARM.exidx), (8 bytes).
    Removing stm32f10x_spi.o(.ARM.exidx), (8 bytes).
    Removing stm32f10x_spi.o(.ARM.exidx), (8 bytes).
    Removing stm32f10x_spi.o(.ARM.exidx), (8 bytes).
    Removing stm32f10x_spi.o(.ARM.exidx), (8 bytes).
    Removing stm32f10x_spi.o(.ARM.exidx), (8 bytes).
    Removing stm32f10x_spi.o(.ARM.exidx), (8 bytes).
    Removing stm32f10x_spi.o(.ARM.exidx), (8 bytes).
    Removing stm32f10x_spi.o(.ARM.exidx), (8 bytes).
    Removing stm32f10x_tim.o(i.TIM_ARRPreloadConfig), (24 bytes).
    Removing stm32f10x_tim.o(i.TIM_BDTRConfig), (32 bytes).
    Removing stm32f10x_tim.o(i.TIM_BDTRStructInit), (18 bytes).
    Removing stm32f10x_tim.o(i.TIM_CCPreloadControl), (24 bytes).
    Removing stm32f10x_tim.o(i.TIM_CCxCmd), (30 bytes).
    Removing stm32f10x_tim.o(i.TIM_CCxNCmd), (30 bytes).
    Removing stm32f10x_tim.o(i.TIM_ClearFlag), (6 bytes).
    Removing stm32f10x_tim.o(i.TIM_ClearITPendingBit), (6 bytes).
    Removing stm32f10x_tim.o(i.TIM_ClearOC1Ref), (18 bytes).
    Removing stm32f10x_tim.o(i.TIM_ClearOC2Ref), (24 bytes).
    Removing stm32f10x_tim.o(i.TIM_ClearOC3Ref), (18 bytes).
    Removing stm32f10x_tim.o(i.TIM_ClearOC4Ref), (24 bytes).
    Removing stm32f10x_tim.o(i.TIM_Cmd), (24 bytes).
    Removing stm32f10x_tim.o(i.TIM_CounterModeConfig), (18 bytes).
    Removing stm32f10x_tim.o(i.TIM_CtrlPWMOutputs), (30 bytes).
    Removing stm32f10x_tim.o(i.TIM_DMACmd), (18 bytes).
    Removing stm32f10x_tim.o(i.TIM_DMAConfig), (10 bytes).
    Removing stm32f10x_tim.o(i.TIM_DeInit), (488 bytes).
    Removing stm32f10x_tim.o(i.TIM_ETRClockMode1Config), (54 bytes).
    Removing stm32f10x_tim.o(i.TIM_ETRClockMode2Config), (32 bytes).
    Removing stm32f10x_tim.o(i.TIM_ETRConfig), (28 bytes).
    Removing stm32f10x_tim.o(i.TIM_EncoderInterfaceConfig), (66 bytes).
    Removing stm32f10x_tim.o(i.TIM_ForcedOC1Config), (18 bytes).
    Removing stm32f10x_tim.o(i.TIM_ForcedOC2Config), (26 bytes).
    Removing stm32f10x_tim.o(i.TIM_ForcedOC3Config), (18 bytes).
    Removing stm32f10x_tim.o(i.TIM_ForcedOC4Config), (26 bytes).
    Removing stm32f10x_tim.o(i.TIM_GenerateEvent), (4 bytes).
    Removing stm32f10x_tim.o(i.TIM_GetCapture1), (6 bytes).
    Removing stm32f10x_tim.o(i.TIM_GetCapture2), (6 bytes).
    Removing stm32f10x_tim.o(i.TIM_GetCapture3), (6 bytes).
    Removing stm32f10x_tim.o(i.TIM_GetCapture4), (8 bytes).
    Removing stm32f10x_tim.o(i.TIM_GetCounter), (6 bytes).
    Removing stm32f10x_tim.o(i.TIM_GetFlagStatus), (18 bytes).
    Removing stm32f10x_tim.o(i.TIM_GetITStatus), (34 bytes).
    Removing stm32f10x_tim.o(i.TIM_GetPrescaler), (6 bytes).
    Removing stm32f10x_tim.o(i.TIM_ICInit), (172 bytes).
    Removing stm32f10x_tim.o(i.TIM_ICStructInit), (18 bytes).
    Removing stm32f10x_tim.o(i.TIM_ITConfig), (18 bytes).
    Removing stm32f10x_tim.o(i.TIM_ITRxExternalClockConfig), (24 bytes).
    Removing stm32f10x_tim.o(i.TIM_InternalClockConfig), (12 bytes).
    Removing stm32f10x_tim.o(i.TIM_OC1FastConfig), (18 bytes).
    Removing stm32f10x_tim.o(i.TIM_OC1Init), (152 bytes).
    Removing stm32f10x_tim.o(i.TIM_OC1NPolarityConfig), (18 bytes).
    Removing stm32f10x_tim.o(i.TIM_OC1PolarityConfig), (18 bytes).
    Removing stm32f10x_tim.o(i.TIM_OC1PreloadConfig), (18 bytes).
    Removing stm32f10x_tim.o(i.TIM_OC2FastConfig), (26 bytes).
    Removing stm32f10x_tim.o(i.TIM_OC2Init), (164 bytes).
    Removing stm32f10x_tim.o(i.TIM_OC2NPolarityConfig), (26 bytes).
    Removing stm32f10x_tim.o(i.TIM_OC2PolarityConfig), (26 bytes).
    Removing stm32f10x_tim.o(i.TIM_OC2PreloadConfig), (26 bytes).
    Removing stm32f10x_tim.o(i.TIM_OC3FastConfig), (18 bytes).
    Removing stm32f10x_tim.o(i.TIM_OC3Init), (160 bytes).
    Removing stm32f10x_tim.o(i.TIM_OC3NPolarityConfig), (26 bytes).
    Removing stm32f10x_tim.o(i.TIM_OC3PolarityConfig), (26 bytes).
    Removing stm32f10x_tim.o(i.TIM_OC3PreloadConfig), (18 bytes).
    Removing stm32f10x_tim.o(i.TIM_OC4FastConfig), (26 bytes).
    Removing stm32f10x_tim.o(i.TIM_OC4Init), (124 bytes).
    Removing stm32f10x_tim.o(i.TIM_OC4PolarityConfig), (26 bytes).
    Removing stm32f10x_tim.o(i.TIM_OC4PreloadConfig), (26 bytes).
    Removing stm32f10x_tim.o(i.TIM_OCStructInit), (20 bytes).
    Removing stm32f10x_tim.o(i.TIM_PWMIConfig), (124 bytes).
    Removing stm32f10x_tim.o(i.TIM_PrescalerConfig), (6 bytes).
    Removing stm32f10x_tim.o(i.TIM_SelectCCDMA), (24 bytes).
    Removing stm32f10x_tim.o(i.TIM_SelectCOM), (24 bytes).
    Removing stm32f10x_tim.o(i.TIM_SelectHallSensor), (24 bytes).
    Removing stm32f10x_tim.o(i.TIM_SelectInputTrigger), (18 bytes).
    Removing stm32f10x_tim.o(i.TIM_SelectMasterSlaveMode), (18 bytes).
    Removing stm32f10x_tim.o(i.TIM_SelectOCxM), (82 bytes).
    Removing stm32f10x_tim.o(i.TIM_SelectOnePulseMode), (18 bytes).
    Removing stm32f10x_tim.o(i.TIM_SelectOutputTrigger), (18 bytes).
    Removing stm32f10x_tim.o(i.TIM_SelectSlaveMode), (18 bytes).
    Removing stm32f10x_tim.o(i.TIM_SetAutoreload), (4 bytes).
    Removing stm32f10x_tim.o(i.TIM_SetClockDivision), (18 bytes).
    Removing stm32f10x_tim.o(i.TIM_SetCompare1), (4 bytes).
    Removing stm32f10x_tim.o(i.TIM_SetCompare2), (4 bytes).
    Removing stm32f10x_tim.o(i.TIM_SetCompare3), (4 bytes).
    Removing stm32f10x_tim.o(i.TIM_SetCompare4), (6 bytes).
    Removing stm32f10x_tim.o(i.TIM_SetCounter), (4 bytes).
    Removing stm32f10x_tim.o(i.TIM_SetIC1Prescaler), (18 bytes).
    Removing stm32f10x_tim.o(i.TIM_SetIC2Prescaler), (26 bytes).
    Removing stm32f10x_tim.o(i.TIM_SetIC3Prescaler), (18 bytes).
    Removing stm32f10x_tim.o(i.TIM_SetIC4Prescaler), (26 bytes).
    Removing stm32f10x_tim.o(i.TIM_TIxExternalClockConfig), (62 bytes).
    Removing stm32f10x_tim.o(i.TIM_TimeBaseInit), (164 bytes).
    Removing stm32f10x_tim.o(i.TIM_TimeBaseStructInit), (18 bytes).
    Removing stm32f10x_tim.o(i.TIM_UpdateDisableConfig), (24 bytes).
    Removing stm32f10x_tim.o(i.TIM_UpdateRequestConfig), (24 bytes).
    Removing stm32f10x_tim.o(i._ZN37_INTERNAL_15_stm32f10x_tim_c_c458916b10TI1_ConfigEP11TIM_TypeDefttt), (128 bytes).
    Removing stm32f10x_tim.o(i._ZN37_INTERNAL_15_stm32f10x_tim_c_c458916b10TI2_ConfigEP11TIM_TypeDefttt), (152 bytes).
    Removing stm32f10x_tim.o(i._ZN37_INTERNAL_15_stm32f10x_tim_c_c458916b10TI3_ConfigEP11TIM_TypeDefttt), (144 bytes).
    Removing stm32f10x_tim.o(i._ZN37_INTERNAL_15_stm32f10x_tim_c_c458916b10TI4_ConfigEP11TIM_TypeDefttt), (152 bytes).
    Removing stm32f10x_tim.o(.ARM.exidx), (8 bytes).
    Removing stm32f10x_tim.o(.ARM.exidx), (8 bytes).
    Removing stm32f10x_tim.o(.ARM.exidx), (8 bytes).
    Removing stm32f10x_tim.o(.ARM.exidx), (8 bytes).
    Removing stm32f10x_tim.o(.ARM.exidx), (8 bytes).
    Removing stm32f10x_tim.o(.ARM.exidx), (8 bytes).
    Removing stm32f10x_tim.o(.ARM.exidx), (8 bytes).
    Removing stm32f10x_tim.o(.ARM.exidx), (8 bytes).
    Removing stm32f10x_tim.o(.ARM.exidx), (8 bytes).
    Removing stm32f10x_tim.o(.ARM.exidx), (8 bytes).
    Removing stm32f10x_tim.o(.ARM.exidx), (8 bytes).
    Removing stm32f10x_tim.o(.ARM.exidx), (8 bytes).
    Removing stm32f10x_tim.o(.ARM.exidx), (8 bytes).
    Removing stm32f10x_tim.o(.ARM.exidx), (8 bytes).
    Removing stm32f10x_tim.o(.ARM.exidx), (8 bytes).
    Removing stm32f10x_tim.o(.ARM.exidx), (8 bytes).
    Removing stm32f10x_tim.o(.ARM.exidx), (8 bytes).
    Removing stm32f10x_tim.o(.ARM.exidx), (8 bytes).
    Removing stm32f10x_tim.o(.ARM.exidx), (8 bytes).
    Removing stm32f10x_tim.o(.ARM.exidx), (8 bytes).
    Removing stm32f10x_tim.o(.ARM.exidx), (8 bytes).
    Removing stm32f10x_tim.o(.ARM.exidx), (8 bytes).
    Removing stm32f10x_tim.o(.ARM.exidx), (8 bytes).
    Removing stm32f10x_tim.o(.ARM.exidx), (8 bytes).
    Removing stm32f10x_tim.o(.ARM.exidx), (8 bytes).
    Removing stm32f10x_tim.o(.ARM.exidx), (8 bytes).
    Removing stm32f10x_tim.o(.ARM.exidx), (8 bytes).
    Removing stm32f10x_tim.o(.ARM.exidx), (8 bytes).
    Removing stm32f10x_tim.o(.ARM.exidx), (8 bytes).
    Removing stm32f10x_tim.o(.ARM.exidx), (8 bytes).
    Removing stm32f10x_tim.o(.ARM.exidx), (8 bytes).
    Removing stm32f10x_tim.o(.ARM.exidx), (8 bytes).
    Removing stm32f10x_tim.o(.ARM.exidx), (8 bytes).
    Removing stm32f10x_tim.o(.ARM.exidx), (8 bytes).
    Removing stm32f10x_tim.o(.ARM.exidx), (8 bytes).
    Removing stm32f10x_tim.o(.ARM.exidx), (8 bytes).
    Removing stm32f10x_tim.o(.ARM.exidx), (8 bytes).
    Removing stm32f10x_tim.o(.ARM.exidx), (8 bytes).
    Removing stm32f10x_tim.o(.ARM.exidx), (8 bytes).
    Removing stm32f10x_tim.o(.ARM.exidx), (8 bytes).
    Removing stm32f10x_tim.o(.ARM.exidx), (8 bytes).
    Removing stm32f10x_tim.o(.ARM.exidx), (8 bytes).
    Removing stm32f10x_tim.o(.ARM.exidx), (8 bytes).
    Removing stm32f10x_tim.o(.ARM.exidx), (8 bytes).
    Removing stm32f10x_tim.o(.ARM.exidx), (8 bytes).
    Removing stm32f10x_tim.o(.ARM.exidx), (8 bytes).
    Removing stm32f10x_tim.o(.ARM.exidx), (8 bytes).
    Removing stm32f10x_tim.o(.ARM.exidx), (8 bytes).
    Removing stm32f10x_tim.o(.ARM.exidx), (8 bytes).
    Removing stm32f10x_tim.o(.ARM.exidx), (8 bytes).
    Removing stm32f10x_tim.o(.ARM.exidx), (8 bytes).
    Removing stm32f10x_tim.o(.ARM.exidx), (8 bytes).
    Removing stm32f10x_tim.o(.ARM.exidx), (8 bytes).
    Removing stm32f10x_tim.o(.ARM.exidx), (8 bytes).
    Removing stm32f10x_tim.o(.ARM.exidx), (8 bytes).
    Removing stm32f10x_tim.o(.ARM.exidx), (8 bytes).
    Removing stm32f10x_tim.o(.ARM.exidx), (8 bytes).
    Removing stm32f10x_tim.o(.ARM.exidx), (8 bytes).
    Removing stm32f10x_tim.o(.ARM.exidx), (8 bytes).
    Removing stm32f10x_tim.o(.ARM.exidx), (8 bytes).
    Removing stm32f10x_tim.o(.ARM.exidx), (8 bytes).
    Removing stm32f10x_tim.o(.ARM.exidx), (8 bytes).
    Removing stm32f10x_tim.o(.ARM.exidx), (8 bytes).
    Removing stm32f10x_tim.o(.ARM.exidx), (8 bytes).
    Removing stm32f10x_tim.o(.ARM.exidx), (8 bytes).
    Removing stm32f10x_tim.o(.ARM.exidx), (8 bytes).
    Removing stm32f10x_tim.o(.ARM.exidx), (8 bytes).
    Removing stm32f10x_tim.o(.ARM.exidx), (8 bytes).
    Removing stm32f10x_tim.o(.ARM.exidx), (8 bytes).
    Removing stm32f10x_tim.o(.ARM.exidx), (8 bytes).
    Removing stm32f10x_tim.o(.ARM.exidx), (8 bytes).
    Removing stm32f10x_tim.o(.ARM.exidx), (8 bytes).
    Removing stm32f10x_tim.o(.ARM.exidx), (8 bytes).
    Removing stm32f10x_tim.o(.ARM.exidx), (8 bytes).
    Removing stm32f10x_tim.o(.ARM.exidx), (8 bytes).
    Removing stm32f10x_tim.o(.ARM.exidx), (8 bytes).
    Removing stm32f10x_tim.o(.ARM.exidx), (8 bytes).
    Removing stm32f10x_tim.o(.ARM.exidx), (8 bytes).
    Removing stm32f10x_tim.o(.ARM.exidx), (8 bytes).
    Removing stm32f10x_tim.o(.ARM.exidx), (8 bytes).
    Removing stm32f10x_tim.o(.ARM.exidx), (8 bytes).
    Removing stm32f10x_tim.o(.ARM.exidx), (8 bytes).
    Removing stm32f10x_tim.o(.ARM.exidx), (8 bytes).
    Removing stm32f10x_tim.o(.ARM.exidx), (8 bytes).
    Removing stm32f10x_tim.o(.ARM.exidx), (8 bytes).
    Removing stm32f10x_tim.o(.ARM.exidx), (8 bytes).
    Removing stm32f10x_tim.o(.ARM.exidx), (8 bytes).
    Removing stm32f10x_tim.o(.ARM.exidx), (8 bytes).
    Removing stm32f10x_tim.o(.ARM.exidx), (8 bytes).
    Removing stm32f10x_tim.o(.ARM.exidx), (8 bytes).
    Removing stm32f10x_tim.o(.ARM.exidx), (8 bytes).
    Removing stm32f10x_usart.o(i.USART_ClearFlag), (18 bytes).
    Removing stm32f10x_usart.o(i.USART_ClearITPendingBit), (30 bytes).
    Removing stm32f10x_usart.o(i.USART_ClockInit), (34 bytes).
    Removing stm32f10x_usart.o(i.USART_ClockStructInit), (12 bytes).
    Removing stm32f10x_usart.o(i.USART_Cmd), (24 bytes).
    Removing stm32f10x_usart.o(i.USART_DMACmd), (18 bytes).
    Removing stm32f10x_usart.o(i.USART_DeInit), (156 bytes).
    Removing stm32f10x_usart.o(i.USART_GetFlagStatus), (26 bytes).
    Removing stm32f10x_usart.o(i.USART_GetITStatus), (84 bytes).
    Removing stm32f10x_usart.o(i.USART_HalfDuplexCmd), (24 bytes).
    Removing stm32f10x_usart.o(i.USART_ITConfig), (74 bytes).
    Removing stm32f10x_usart.o(i.USART_Init), (216 bytes).
    Removing stm32f10x_usart.o(i.USART_IrDACmd), (24 bytes).
    Removing stm32f10x_usart.o(i.USART_IrDAConfig), (18 bytes).
    Removing stm32f10x_usart.o(i.USART_LINBreakDetectLengthConfig), (18 bytes).
    Removing stm32f10x_usart.o(i.USART_LINCmd), (24 bytes).
    Removing stm32f10x_usart.o(i.USART_OneBitMethodCmd), (24 bytes).
    Removing stm32f10x_usart.o(i.USART_OverSampling8Cmd), (22 bytes).
    Removing stm32f10x_usart.o(i.USART_ReceiveData), (10 bytes).
    Removing stm32f10x_usart.o(i.USART_ReceiverWakeUpCmd), (24 bytes).
    Removing stm32f10x_usart.o(i.USART_SendBreak), (10 bytes).
    Removing stm32f10x_usart.o(i.USART_SendData), (8 bytes).
    Removing stm32f10x_usart.o(i.USART_SetAddress), (18 bytes).
    Removing stm32f10x_usart.o(i.USART_SetGuardTime), (16 bytes).
    Removing stm32f10x_usart.o(i.USART_SetPrescaler), (16 bytes).
    Removing stm32f10x_usart.o(i.USART_SmartCardCmd), (24 bytes).
    Removing stm32f10x_usart.o(i.USART_SmartCardNACKCmd), (24 bytes).
    Removing stm32f10x_usart.o(i.USART_StructInit), (24 bytes).
    Removing stm32f10x_usart.o(i.USART_WakeUpConfig), (18 bytes).
    Removing stm32f10x_usart.o(.ARM.exidx), (8 bytes).
    Removing stm32f10x_usart.o(.ARM.exidx), (8 bytes).
    Removing stm32f10x_usart.o(.ARM.exidx), (8 bytes).
    Removing stm32f10x_usart.o(.ARM.exidx), (8 bytes).
    Removing stm32f10x_usart.o(.ARM.exidx), (8 bytes).
    Removing stm32f10x_usart.o(.ARM.exidx), (8 bytes).
    Removing stm32f10x_usart.o(.ARM.exidx), (8 bytes).
    Removing stm32f10x_usart.o(.ARM.exidx), (8 bytes).
    Removing stm32f10x_usart.o(.ARM.exidx), (8 bytes).
    Removing stm32f10x_usart.o(.ARM.exidx), (8 bytes).
    Removing stm32f10x_usart.o(.ARM.exidx), (8 bytes).
    Removing stm32f10x_usart.o(.ARM.exidx), (8 bytes).
    Removing stm32f10x_usart.o(.ARM.exidx), (8 bytes).
    Removing stm32f10x_usart.o(.ARM.exidx), (8 bytes).
    Removing stm32f10x_usart.o(.ARM.exidx), (8 bytes).
    Removing stm32f10x_usart.o(.ARM.exidx), (8 bytes).
    Removing stm32f10x_usart.o(.ARM.exidx), (8 bytes).
    Removing stm32f10x_usart.o(.ARM.exidx), (8 bytes).
    Removing stm32f10x_usart.o(.ARM.exidx), (8 bytes).
    Removing stm32f10x_usart.o(.ARM.exidx), (8 bytes).
    Removing stm32f10x_usart.o(.ARM.exidx), (8 bytes).
    Removing stm32f10x_usart.o(.ARM.exidx), (8 bytes).
    Removing stm32f10x_usart.o(.ARM.exidx), (8 bytes).
    Removing stm32f10x_usart.o(.ARM.exidx), (8 bytes).
    Removing stm32f10x_usart.o(.ARM.exidx), (8 bytes).
    Removing stm32f10x_usart.o(.ARM.exidx), (8 bytes).
    Removing stm32f10x_usart.o(.ARM.exidx), (8 bytes).
    Removing stm32f10x_usart.o(.ARM.exidx), (8 bytes).
    Removing stm32f10x_usart.o(.ARM.exidx), (8 bytes).
    Removing stm32f10x_wwdg.o(i.WWDG_ClearFlag), (12 bytes).
    Removing stm32f10x_wwdg.o(i.WWDG_DeInit), (22 bytes).
    Removing stm32f10x_wwdg.o(i.WWDG_Enable), (16 bytes).
    Removing stm32f10x_wwdg.o(i.WWDG_EnableIT), (12 bytes).
    Removing stm32f10x_wwdg.o(i.WWDG_GetFlagStatus), (12 bytes).
    Removing stm32f10x_wwdg.o(i.WWDG_SetCounter), (16 bytes).
    Removing stm32f10x_wwdg.o(i.WWDG_SetPrescaler), (24 bytes).
    Removing stm32f10x_wwdg.o(i.WWDG_SetWindowValue), (40 bytes).
    Removing stm32f10x_wwdg.o(.ARM.exidx), (8 bytes).
    Removing stm32f10x_wwdg.o(.ARM.exidx), (8 bytes).
    Removing stm32f10x_wwdg.o(.ARM.exidx), (8 bytes).
    Removing stm32f10x_wwdg.o(.ARM.exidx), (8 bytes).
    Removing stm32f10x_wwdg.o(.ARM.exidx), (8 bytes).
    Removing stm32f10x_wwdg.o(.ARM.exidx), (8 bytes).
    Removing stm32f10x_wwdg.o(.ARM.exidx), (8 bytes).
    Removing stm32f10x_wwdg.o(.ARM.exidx), (8 bytes).
    Removing oled.o(i._Z15OLED_ShowBinNumhhjh), (62 bytes).
    Removing oled.o(i._Z15OLED_ShowHexNumhhjh), (84 bytes).
    Removing oled.o(i._Z18OLED_ShowSignedNumhhih), (102 bytes).
    Removing oled.o(.ARM.exidx), (8 bytes).
    Removing oled.o(.ARM.exidx), (8 bytes).
    Removing oled.o(.ARM.exidx), (8 bytes).
    Removing oled.o(.ARM.exidx), (8 bytes).
    Removing oled.o(.ARM.exidx), (8 bytes).
    Removing oled.o(.ARM.exidx), (8 bytes).
    Removing oled.o(.ARM.exidx), (8 bytes).
    Removing oled.o(.ARM.exidx), (8 bytes).
    Removing oled.o(.ARM.exidx), (8 bytes).
    Removing oled.o(.ARM.exidx), (8 bytes).
    Removing oled.o(.ARM.exidx), (8 bytes).
    Removing oled.o(.ARM.exidx), (8 bytes).
    Removing oled.o(.ARM.exidx), (8 bytes).
    Removing oled.o(.ARM.exidx), (8 bytes).
    Removing oled.o(.ARM.exidx), (8 bytes).
    Removing oled.o(.ARM.exidx), (8 bytes).
    Removing core_cm3.o(.emb_text), (32 bytes).
    Removing system_stm32f10x.o(i.SystemCoreClockUpdate), (164 bytes).
    Removing system_stm32f10x.o(.ARM.exidx), (8 bytes).
    Removing system_stm32f10x.o(.ARM.exidx), (8 bytes).
    Removing system_stm32f10x.o(.ARM.exidx), (8 bytes).
    Removing system_stm32f10x.o(.ARM.exidx), (8 bytes).
    Removing system_stm32f10x.o(.data), (20 bytes).
    Removing delay.o(.ARM.exidx), (8 bytes).
    Removing delay.o(.ARM.exidx), (8 bytes).
    Removing delay.o(.ARM.exidx), (8 bytes).
    Removing float_to_string.o(i._Z13FloatToStringfhhPhh), (392 bytes).
    Removing float_to_string.o(i._Z15PrecisionHandlePfh), (88 bytes).
    Removing float_to_string.o(.ARM.exidx), (8 bytes).
    Removing float_to_string.o(.ARM.exidx), (8 bytes).
    Removing i2c_func.o(i._Z10I2C2_WritehhhPh), (148 bytes).
    Removing i2c_func.o(i._Z17I2C2_InitFunctionv), (136 bytes).
    Removing i2c_func.o(.ARM.exidx), (8 bytes).
    Removing i2c_func.o(.ARM.exidx), (8 bytes).
    Removing i2c_func.o(.ARM.exidx), (8 bytes).
    Removing i2c_func.o(.ARM.exidx), (8 bytes).
    Removing mpu6050.o(i._Z12MPU6050_Initv), (108 bytes).
    Removing mpu6050.o(i._Z20MPU6050_ReadRegisterh), (168 bytes).
    Removing mpu6050.o(i._Z21MPU6050_WriteRegisterhh), (112 bytes).
    Removing mpu6050.o(.ARM.exidx), (8 bytes).
    Removing mpu6050.o(.ARM.exidx), (8 bytes).
    Removing mpu6050.o(.ARM.exidx), (8 bytes).
    Removing mpu6050.o(.ARM.exidx), (8 bytes).
    Removing mpu6050.o(.constdata), (22 bytes).
    Removing stm32f10x_it.o(.ARM.exidx), (8 bytes).
    Removing stm32f10x_it.o(.ARM.exidx), (8 bytes).
    Removing stm32f10x_it.o(.ARM.exidx), (8 bytes).
    Removing stm32f10x_it.o(.ARM.exidx), (8 bytes).
    Removing stm32f10x_it.o(.ARM.exidx), (8 bytes).
    Removing stm32f10x_it.o(.ARM.exidx), (8 bytes).
    Removing stm32f10x_it.o(.ARM.exidx), (8 bytes).
    Removing stm32f10x_it.o(.ARM.exidx), (8 bytes).
    Removing stm32f10x_it.o(.ARM.exidx), (8 bytes).
    Removing main.o(i._Z14OLED_ShowFloatiif), (140 bytes).
    Removing main.o(.ARM.exidx), (8 bytes).
    Removing main.o(.ARM.exidx), (8 bytes).
    Removing main.o(.ARM.exidx), (8 bytes).
    Removing float_to_string.o(i._ZSt3powff), (16 bytes).
    Removing float_to_string.o(.ARM.exidx), (8 bytes).

997 unused section(s) (total 24670 bytes) removed from the image.

==============================================================================

Image Symbol Table

    Local Symbols

    Symbol Name                              Value     Ov Type        Size  Object(Section)

    ../../../clib/unwind_pr.c                0x00000000   Number         0  unwind_prcommon.o ABSOLUTE
    ../../../clib/unwind_pr.c                0x00000000   Number         0  unwind_pr0.o ABSOLUTE
    ../../../clib/unwinder.c                 0x00000000   Number         0  unwinder.o ABSOLUTE
    ../../../clib/unwinder.c                 0x00000000   Number         0  unwinder.o ABSOLUTE
    ../../../clib/unwinder.c                 0x00000000   Number         0  unwind_activity.o ABSOLUTE
    ../../../clib/unwinder.c                 0x00000000   Number         0  unwind_activity.o ABSOLUTE
    ../../../edgfe/lib_src/arm_exceptions.c  0x00000000   Number         0  arm_exceptions_callterm.o ABSOLUTE
    ../../../edgfe/lib_src/arm_exceptions.c  0x00000000   Number         0  arm_exceptions_terminate.o ABSOLUTE
    ../../../edgfe/lib_src/arm_exceptions.c  0x00000000   Number         0  arm_exceptions_globs.o ABSOLUTE
    ../../../edgfe/lib_src/arm_exceptions.c  0x00000000   Number         0  arm_exceptions_mem.o ABSOLUTE
    ../../../edgfe/lib_src/arm_exceptions.c  0x00000000   Number         0  arm_exceptions_support.o ABSOLUTE
    ../../../edgfe/lib_src/arm_noexceptions.c 0x00000000   Number         0  arm_begincatch_noexceptions.o ABSOLUTE
    ../../../edgfe/lib_src/arm_noexceptions.c 0x00000000   Number         0  arm_newhandler_noexceptions.o ABSOLUTE
    ../../../edgfe/lib_src/arm_noexceptions.c 0x00000000   Number         0  arm_callunex_noexceptions.o ABSOLUTE
    ../../../edgfe/lib_src/bad_alloc.c       0x00000000   Number         0  bad_alloc_what.o ABSOLUTE
    ../../../edgfe/lib_src/bad_alloc.c       0x00000000   Number         0  bad_alloc_dtor.o ABSOLUTE
    ../../../edgfe/lib_src/delete.c          0x00000000   Number         0  delete.o ABSOLUTE
    ../../../edgfe/lib_src/exception.c       0x00000000   Number         0  exception_dtor.o ABSOLUTE
    ../../../edgfe/lib_src/exception.c       0x00000000   Number         0  exception_what.o ABSOLUTE
    ../../../edgfe/lib_src/new.c             0x00000000   Number         0  new.o ABSOLUTE
    ../../../edgfe/lib_src/typeinfo.c        0x00000000   Number         0  type_info_dtor.o ABSOLUTE
    ../../../edgfe/lib_src/typeinfo.c        0x00000000   Number         0  lib_rtti_impl.o ABSOLUTE
    ../clib/angel/boardlib.s                 0x00000000   Number         0  boardshut.o ABSOLUTE
    ../clib/angel/boardlib.s                 0x00000000   Number         0  boardinit3.o ABSOLUTE
    ../clib/angel/boardlib.s                 0x00000000   Number         0  boardinit2.o ABSOLUTE
    ../clib/angel/boardlib.s                 0x00000000   Number         0  boardinit1.o ABSOLUTE
    ../clib/angel/handlers.s                 0x00000000   Number         0  __scatter_copy.o ABSOLUTE
    ../clib/angel/handlers.s                 0x00000000   Number         0  __scatter_zi.o ABSOLUTE
    ../clib/angel/kernel.s                   0x00000000   Number         0  rtexit2.o ABSOLUTE
    ../clib/angel/kernel.s                   0x00000000   Number         0  __rtentry2.o ABSOLUTE
    ../clib/angel/kernel.s                   0x00000000   Number         0  rtexit.o ABSOLUTE
    ../clib/angel/kernel.s                   0x00000000   Number         0  __rtentry4.o ABSOLUTE
    ../clib/angel/kernel.s                   0x00000000   Number         0  __rtentry.o ABSOLUTE
    ../clib/angel/rt.s                       0x00000000   Number         0  rt_raise.o ABSOLUTE
    ../clib/angel/rt.s                       0x00000000   Number         0  rt_errno_addr_intlibspace.o ABSOLUTE
    ../clib/angel/rt.s                       0x00000000   Number         0  rt_new_handler_addr_intlibspace.o ABSOLUTE
    ../clib/angel/rt.s                       0x00000000   Number         0  rt_new_handler_addr.o ABSOLUTE
    ../clib/angel/rt.s                       0x00000000   Number         0  rt_errno_addr.o ABSOLUTE
    ../clib/angel/rt.s                       0x00000000   Number         0  rt_eh_globals_addr.o ABSOLUTE
    ../clib/angel/rt.s                       0x00000000   Number         0  rt_heap_descriptor.o ABSOLUTE
    ../clib/angel/rt.s                       0x00000000   Number         0  rt_heap_descriptor_intlibspace.o ABSOLUTE
    ../clib/angel/rt.s                       0x00000000   Number         0  rt_eh_globals_addr_intlibspace.o ABSOLUTE
    ../clib/angel/scatter.s                  0x00000000   Number         0  __scatter.o ABSOLUTE
    ../clib/angel/startup.s                  0x00000000   Number         0  __main.o ABSOLUTE
    ../clib/angel/sys.s                      0x00000000   Number         0  use_no_semi.o ABSOLUTE
    ../clib/angel/sys.s                      0x00000000   Number         0  libspace.o ABSOLUTE
    ../clib/angel/sys.s                      0x00000000   Number         0  sys_stackheap_outer.o ABSOLUTE
    ../clib/angel/sys.s                      0x00000000   Number         0  mutex_dummy.o ABSOLUTE
    ../clib/angel/sys.s                      0x00000000   Number         0  indicate_semi.o ABSOLUTE
    ../clib/angel/sysapp.c                   0x00000000   Number         0  sys_wrch.o ABSOLUTE
    ../clib/angel/sysapp.c                   0x00000000   Number         0  sys_exit.o ABSOLUTE
    ../clib/angel/sysapp.c                   0x00000000   Number         0  sys_command.o ABSOLUTE
    ../clib/armsys.c                         0x00000000   Number         0  no_argv.o ABSOLUTE
    ../clib/armsys.c                         0x00000000   Number         0  _get_argv.o ABSOLUTE
    ../clib/armsys.c                         0x00000000   Number         0  _get_argv_nomalloc.o ABSOLUTE
    ../clib/armsys.c                         0x00000000   Number         0  argv_veneer.o ABSOLUTE
    ../clib/armsys.c                         0x00000000   Number         0  argv_veneer.o ABSOLUTE
    ../clib/fenv.c                           0x00000000   Number         0  _rserrno.o ABSOLUTE
    ../clib/heap1.c                          0x00000000   Number         0  h1_alloc.o ABSOLUTE
    ../clib/heap1.c                          0x00000000   Number         0  h1_alloc_mt.o ABSOLUTE
    ../clib/heap1.c                          0x00000000   Number         0  h1_extend_mt.o ABSOLUTE
    ../clib/heap1.c                          0x00000000   Number         0  h1_free_mt.o ABSOLUTE
    ../clib/heap1.c                          0x00000000   Number         0  h1_final.o ABSOLUTE
    ../clib/heap1.c                          0x00000000   Number         0  h1_extend.o ABSOLUTE
    ../clib/heap1.c                          0x00000000   Number         0  h1_init.o ABSOLUTE
    ../clib/heap1.c                          0x00000000   Number         0  h1_free.o ABSOLUTE
    ../clib/heap1.c                          0x00000000   Number         0  h1_final_mt.o ABSOLUTE
    ../clib/heap1.c                          0x00000000   Number         0  h1_init_mt.o ABSOLUTE
    ../clib/heap2.c                          0x00000000   Number         0  heap2.o ABSOLUTE
    ../clib/heap2.c                          0x00000000   Number         0  heap2mt.o ABSOLUTE
    ../clib/heap2.c                          0x00000000   Number         0  fdtree.o ABSOLUTE
    ../clib/heapalloc.c                      0x00000000   Number         0  malloc.o ABSOLUTE
    ../clib/heapalloc.c                      0x00000000   Number         0  term_alloc.o ABSOLUTE
    ../clib/heapalloc.c                      0x00000000   Number         0  hguard.o ABSOLUTE
    ../clib/heapalloc.c                      0x00000000   Number         0  init_alloc.o ABSOLUTE
    ../clib/heapalloc.c                      0x00000000   Number         0  free.o ABSOLUTE
    ../clib/heapalloc.c                      0x00000000   Number         0  maybetermalloc1.o ABSOLUTE
    ../clib/heapalloc.c                      0x00000000   Number         0  hrguard.o ABSOLUTE
    ../clib/heapalloc.c                      0x00000000   Number         0  maybetermalloc2.o ABSOLUTE
    ../clib/heapalloc.c                      0x00000000   Number         0  maybetermalloc2.o ABSOLUTE
    ../clib/heapalloc.c                      0x00000000   Number         0  maybetermalloc1.o ABSOLUTE
    ../clib/heapalloc.c                      0x00000000   Number         0  heapstubs.o ABSOLUTE
    ../clib/heapaux.c                        0x00000000   Number         0  heapauxi.o ABSOLUTE
    ../clib/heapaux.c                        0x00000000   Number         0  heapauxa.o ABSOLUTE
    ../clib/libinit.s                        0x00000000   Number         0  libinit2.o ABSOLUTE
    ../clib/libinit.s                        0x00000000   Number         0  libshutdown.o ABSOLUTE
    ../clib/libinit.s                        0x00000000   Number         0  libshutdown2.o ABSOLUTE
    ../clib/libinit.s                        0x00000000   Number         0  libinit.o ABSOLUTE
    ../clib/memcpset.s                       0x00000000   Number         0  rt_memcpy_v6.o ABSOLUTE
    ../clib/memcpset.s                       0x00000000   Number         0  rt_memcpy_w.o ABSOLUTE
    ../clib/signal.c                         0x00000000   Number         0  defsig_general.o ABSOLUTE
    ../clib/signal.c                         0x00000000   Number         0  __raise.o ABSOLUTE
    ../clib/signal.c                         0x00000000   Number         0  defsig_cppl_inner.o ABSOLUTE
    ../clib/signal.c                         0x00000000   Number         0  defsig_rtmem_formal.o ABSOLUTE
    ../clib/signal.c                         0x00000000   Number         0  defsig_rtmem_outer.o ABSOLUTE
    ../clib/signal.c                         0x00000000   Number         0  defsig_exit.o ABSOLUTE
    ../clib/signal.c                         0x00000000   Number         0  defsig_abrt_outer.o ABSOLUTE
    ../clib/signal.c                         0x00000000   Number         0  defsig_abrt_formal.o ABSOLUTE
    ../clib/signal.c                         0x00000000   Number         0  defsig_rtred_inner.o ABSOLUTE
    ../clib/signal.c                         0x00000000   Number         0  defsig_other.o ABSOLUTE
    ../clib/signal.c                         0x00000000   Number         0  defsig_segv_inner.o ABSOLUTE
    ../clib/signal.c                         0x00000000   Number         0  defsig_pvfn_inner.o ABSOLUTE
    ../clib/signal.c                         0x00000000   Number         0  defsig_stak_inner.o ABSOLUTE
    ../clib/signal.c                         0x00000000   Number         0  defsig_rtmem_inner.o ABSOLUTE
    ../clib/signal.c                         0x00000000   Number         0  defsig_fpe_inner.o ABSOLUTE
    ../clib/signal.c                         0x00000000   Number         0  defsig_abrt_inner.o ABSOLUTE
    ../clib/signal.s                         0x00000000   Number         0  defsig.o ABSOLUTE
    ../clib/stdlib.c                         0x00000000   Number         0  bsearchnoex.o ABSOLUTE
    ../clib/stdlib.c                         0x00000000   Number         0  exit.o ABSOLUTE
    ../clib/stdlib.c                         0x00000000   Number         0  abort.o ABSOLUTE
    ../fplib/d2f.s                           0x00000000   Number         0  d2f.o ABSOLUTE
    ../fplib/ddiv.s                          0x00000000   Number         0  ddiv.o ABSOLUTE
    ../fplib/dflt.s                          0x00000000   Number         0  dflt_clz.o ABSOLUTE
    ../fplib/dmul.s                          0x00000000   Number         0  dmul.o ABSOLUTE
    ../fplib/dnaninf.s                       0x00000000   Number         0  dnaninf.o ABSOLUTE
    ../fplib/dretinf.s                       0x00000000   Number         0  dretinf.o ABSOLUTE
    ../fplib/faddsub.s                       0x00000000   Number         0  faddsub_clz.o ABSOLUTE
    ../fplib/fcheck1.s                       0x00000000   Number         0  fcheck1.o ABSOLUTE
    ../fplib/fcmpi.s                         0x00000000   Number         0  fcmpi.o ABSOLUTE
    ../fplib/fdiv.s                          0x00000000   Number         0  fdiv.o ABSOLUTE
    ../fplib/ffix.s                          0x00000000   Number         0  ffix.o ABSOLUTE
    ../fplib/fflt.s                          0x00000000   Number         0  fflt_clz.o ABSOLUTE
    ../fplib/fleqf.s                         0x00000000   Number         0  fleqf.o ABSOLUTE
    ../fplib/fmul.s                          0x00000000   Number         0  fmul.o ABSOLUTE
    ../fplib/fnaninf.s                       0x00000000   Number         0  fnaninf.o ABSOLUTE
    ../fplib/fpinit.s                        0x00000000   Number         0  fpinit.o ABSOLUTE
    ../fplib/fretinf.s                       0x00000000   Number         0  fretinf.o ABSOLUTE
    ../fplib/frleqf.s                        0x00000000   Number         0  frleqf.o ABSOLUTE
    ../fplib/istatus.s                       0x00000000   Number         0  istatus.o ABSOLUTE
    ../fplib/retnan.s                        0x00000000   Number         0  retnan.o ABSOLUTE
    ../fplib/scalbnf.s                       0x00000000   Number         0  scalbnf.o ABSOLUTE
    ../fplib/trapv.s                         0x00000000   Number         0  trapv.o ABSOLUTE
    ../fplib/usenofp.s                       0x00000000   Number         0  usenofp.o ABSOLUTE
    ../mathlib/fpclassifyf.c                 0x00000000   Number         0  fpclassifyf.o ABSOLUTE
    ../mathlib/funder.c                      0x00000000   Number         0  funder.o ABSOLUTE
    ../mathlib/powf.c                        0x00000000   Number         0  powf_x.o ABSOLUTE
    ../mathlib/powf.c                        0x00000000   Number         0  powf.o ABSOLUTE
    HardWare\I2C\I2C_func.cpp                0x00000000   Number         0  i2c_func.o ABSOLUTE
    HardWare\MPU6050\MPU6050.cpp             0x00000000   Number         0  mpu6050.o ABSOLUTE
    HardWare\OLED\OLED.c                     0x00000000   Number         0  oled.o ABSOLUTE
    LIBRARY\misc.c                           0x00000000   Number         0  misc.o ABSOLUTE
    LIBRARY\stm32f10x_adc.c                  0x00000000   Number         0  stm32f10x_adc.o ABSOLUTE
    LIBRARY\stm32f10x_bkp.c                  0x00000000   Number         0  stm32f10x_bkp.o ABSOLUTE
    LIBRARY\stm32f10x_can.c                  0x00000000   Number         0  stm32f10x_can.o ABSOLUTE
    LIBRARY\stm32f10x_cec.c                  0x00000000   Number         0  stm32f10x_cec.o ABSOLUTE
    LIBRARY\stm32f10x_crc.c                  0x00000000   Number         0  stm32f10x_crc.o ABSOLUTE
    LIBRARY\stm32f10x_dac.c                  0x00000000   Number         0  stm32f10x_dac.o ABSOLUTE
    LIBRARY\stm32f10x_dbgmcu.c               0x00000000   Number         0  stm32f10x_dbgmcu.o ABSOLUTE
    LIBRARY\stm32f10x_dma.c                  0x00000000   Number         0  stm32f10x_dma.o ABSOLUTE
    LIBRARY\stm32f10x_exti.c                 0x00000000   Number         0  stm32f10x_exti.o ABSOLUTE
    LIBRARY\stm32f10x_flash.c                0x00000000   Number         0  stm32f10x_flash.o ABSOLUTE
    LIBRARY\stm32f10x_fsmc.c                 0x00000000   Number         0  stm32f10x_fsmc.o ABSOLUTE
    LIBRARY\stm32f10x_gpio.c                 0x00000000   Number         0  stm32f10x_gpio.o ABSOLUTE
    LIBRARY\stm32f10x_i2c.c                  0x00000000   Number         0  stm32f10x_i2c.o ABSOLUTE
    LIBRARY\stm32f10x_iwdg.c                 0x00000000   Number         0  stm32f10x_iwdg.o ABSOLUTE
    LIBRARY\stm32f10x_pwr.c                  0x00000000   Number         0  stm32f10x_pwr.o ABSOLUTE
    LIBRARY\stm32f10x_rcc.c                  0x00000000   Number         0  stm32f10x_rcc.o ABSOLUTE
    LIBRARY\stm32f10x_rtc.c                  0x00000000   Number         0  stm32f10x_rtc.o ABSOLUTE
    LIBRARY\stm32f10x_sdio.c                 0x00000000   Number         0  stm32f10x_sdio.o ABSOLUTE
    LIBRARY\stm32f10x_spi.c                  0x00000000   Number         0  stm32f10x_spi.o ABSOLUTE
    LIBRARY\stm32f10x_tim.c                  0x00000000   Number         0  stm32f10x_tim.o ABSOLUTE
    LIBRARY\stm32f10x_usart.c                0x00000000   Number         0  stm32f10x_usart.o ABSOLUTE
    LIBRARY\stm32f10x_wwdg.c                 0x00000000   Number         0  stm32f10x_wwdg.o ABSOLUTE
    STARTUP\\core_cm3.c                      0x00000000   Number         0  core_cm3.o ABSOLUTE
    STARTUP\core_cm3.c                       0x00000000   Number         0  core_cm3.o ABSOLUTE
    STARTUP\startup_stm32f10x_md.s           0x00000000   Number         0  startup_stm32f10x_md.o ABSOLUTE
    STARTUP\system_stm32f10x.c               0x00000000   Number         0  system_stm32f10x.o ABSOLUTE
    System\Delay.c                           0x00000000   Number         0  delay.o ABSOLUTE
    System\Float_to_string.c                 0x00000000   Number         0  float_to_string.o ABSOLUTE
    USER\main.cpp                            0x00000000   Number         0  main.o ABSOLUTE
    USER\stm32f10x_it.c                      0x00000000   Number         0  stm32f10x_it.o ABSOLUTE
    dc.s                                     0x00000000   Number         0  dc.o ABSOLUTE
    RESET                                    0x08000000   Section      236  startup_stm32f10x_md.o(RESET)
    !!!main                                  0x080000ec   Section        8  __main.o(!!!main)
    !!!scatter                               0x080000f4   Section       52  __scatter.o(!!!scatter)
    !!handler_copy                           0x08000128   Section       26  __scatter_copy.o(!!handler_copy)
    !!handler_zi                             0x08000144   Section       28  __scatter_zi.o(!!handler_zi)
    .ARM.Collect$$libinit$$00000000          0x08000160   Section        2  libinit.o(.ARM.Collect$$libinit$$00000000)
    .ARM.Collect$$libinit$$00000002          0x08000162   Section        0  libinit2.o(.ARM.Collect$$libinit$$00000002)
    .ARM.Collect$$libinit$$00000004          0x08000162   Section        0  libinit2.o(.ARM.Collect$$libinit$$00000004)
    .ARM.Collect$$libinit$$0000000A          0x08000162   Section        0  libinit2.o(.ARM.Collect$$libinit$$0000000A)
    .ARM.Collect$$libinit$$0000000C          0x08000162   Section        0  libinit2.o(.ARM.Collect$$libinit$$0000000C)
    .ARM.Collect$$libinit$$0000000E          0x08000162   Section        0  libinit2.o(.ARM.Collect$$libinit$$0000000E)
    .ARM.Collect$$libinit$$00000011          0x08000162   Section        0  libinit2.o(.ARM.Collect$$libinit$$00000011)
    .ARM.Collect$$libinit$$00000013          0x08000162   Section        0  libinit2.o(.ARM.Collect$$libinit$$00000013)
    .ARM.Collect$$libinit$$00000015          0x08000162   Section        0  libinit2.o(.ARM.Collect$$libinit$$00000015)
    .ARM.Collect$$libinit$$00000017          0x08000162   Section        0  libinit2.o(.ARM.Collect$$libinit$$00000017)
    .ARM.Collect$$libinit$$00000019          0x08000162   Section        0  libinit2.o(.ARM.Collect$$libinit$$00000019)
    .ARM.Collect$$libinit$$0000001B          0x08000162   Section        0  libinit2.o(.ARM.Collect$$libinit$$0000001B)
    .ARM.Collect$$libinit$$0000001D          0x08000162   Section        0  libinit2.o(.ARM.Collect$$libinit$$0000001D)
    .ARM.Collect$$libinit$$0000001F          0x08000162   Section        0  libinit2.o(.ARM.Collect$$libinit$$0000001F)
    .ARM.Collect$$libinit$$00000021          0x08000162   Section        0  libinit2.o(.ARM.Collect$$libinit$$00000021)
    .ARM.Collect$$libinit$$00000023          0x08000162   Section        0  libinit2.o(.ARM.Collect$$libinit$$00000023)
    .ARM.Collect$$libinit$$00000025          0x08000162   Section        0  libinit2.o(.ARM.Collect$$libinit$$00000025)
    .ARM.Collect$$libinit$$0000002C          0x08000162   Section        0  libinit2.o(.ARM.Collect$$libinit$$0000002C)
    .ARM.Collect$$libinit$$0000002E          0x08000162   Section        0  libinit2.o(.ARM.Collect$$libinit$$0000002E)
    .ARM.Collect$$libinit$$00000030          0x08000162   Section        0  libinit2.o(.ARM.Collect$$libinit$$00000030)
    .ARM.Collect$$libinit$$00000032          0x08000162   Section        0  libinit2.o(.ARM.Collect$$libinit$$00000032)
    .ARM.Collect$$libinit$$00000033          0x08000162   Section        2  libinit2.o(.ARM.Collect$$libinit$$00000033)
    .ARM.Collect$$libshutdown$$00000000      0x08000164   Section        2  libshutdown.o(.ARM.Collect$$libshutdown$$00000000)
    .ARM.Collect$$libshutdown$$00000002      0x08000166   Section        0  libshutdown2.o(.ARM.Collect$$libshutdown$$00000002)
    .ARM.Collect$$libshutdown$$00000004      0x08000166   Section        0  libshutdown2.o(.ARM.Collect$$libshutdown$$00000004)
    .ARM.Collect$$libshutdown$$00000007      0x08000166   Section        0  libshutdown2.o(.ARM.Collect$$libshutdown$$00000007)
    .ARM.Collect$$libshutdown$$0000000A      0x08000166   Section        0  libshutdown2.o(.ARM.Collect$$libshutdown$$0000000A)
    .ARM.Collect$$libshutdown$$0000000C      0x08000166   Section        0  libshutdown2.o(.ARM.Collect$$libshutdown$$0000000C)
    .ARM.Collect$$libshutdown$$0000000F      0x08000166   Section        0  libshutdown2.o(.ARM.Collect$$libshutdown$$0000000F)
    .ARM.Collect$$libshutdown$$00000010      0x08000166   Section        2  libshutdown2.o(.ARM.Collect$$libshutdown$$00000010)
    .ARM.Collect$$rtentry$$00000000          0x08000168   Section        0  __rtentry.o(.ARM.Collect$$rtentry$$00000000)
    .ARM.Collect$$rtentry$$00000002          0x08000168   Section        0  __rtentry2.o(.ARM.Collect$$rtentry$$00000002)
    .ARM.Collect$$rtentry$$00000004          0x08000168   Section        6  __rtentry4.o(.ARM.Collect$$rtentry$$00000004)
    .ARM.Collect$$rtentry$$00000009          0x0800016e   Section        0  __rtentry2.o(.ARM.Collect$$rtentry$$00000009)
    .ARM.Collect$$rtentry$$0000000A          0x0800016e   Section        4  __rtentry2.o(.ARM.Collect$$rtentry$$0000000A)
    .ARM.Collect$$rtentry$$0000000C          0x08000172   Section        0  __rtentry2.o(.ARM.Collect$$rtentry$$0000000C)
    .ARM.Collect$$rtentry$$0000000D          0x08000172   Section        8  __rtentry2.o(.ARM.Collect$$rtentry$$0000000D)
    .ARM.Collect$$rtexit$$00000000           0x0800017a   Section        2  rtexit.o(.ARM.Collect$$rtexit$$00000000)
    .ARM.Collect$$rtexit$$00000002           0x0800017c   Section        0  rtexit2.o(.ARM.Collect$$rtexit$$00000002)
    .ARM.Collect$$rtexit$$00000003           0x0800017c   Section        4  rtexit2.o(.ARM.Collect$$rtexit$$00000003)
    .ARM.Collect$$rtexit$$00000004           0x08000180   Section        6  rtexit2.o(.ARM.Collect$$rtexit$$00000004)
    .text                                    0x08000188   Section       64  startup_stm32f10x_md.o(.text)
    .text                                    0x080001c8   Section        0  heapauxi.o(.text)
    .text                                    0x080001d0   Section        8  libspace.o(.text)
    .text                                    0x080001d8   Section       74  sys_stackheap_outer.o(.text)
    .text                                    0x08000222   Section        0  exit.o(.text)
    .text                                    0x08000234   Section        0  sys_exit.o(.text)
    .text                                    0x08000240   Section        2  use_no_semi.o(.text)
    .text                                    0x08000242   Section        0  indicate_semi.o(.text)
    i.BusFault_Handler                       0x08000242   Section        0  stm32f10x_it.o(i.BusFault_Handler)
    i.DebugMon_Handler                       0x08000246   Section        0  stm32f10x_it.o(i.DebugMon_Handler)
    i.GPIO_Init                              0x08000248   Section        0  stm32f10x_gpio.o(i.GPIO_Init)
    i.GPIO_WriteBit                          0x0800035e   Section        0  stm32f10x_gpio.o(i.GPIO_WriteBit)
    i.HardFault_Handler                      0x08000368   Section        0  stm32f10x_it.o(i.HardFault_Handler)
    i.I2C_AcknowledgeConfig                  0x0800036c   Section        0  stm32f10x_i2c.o(i.I2C_AcknowledgeConfig)
    i.I2C_CheckEvent                         0x08000384   Section        0  stm32f10x_i2c.o(i.I2C_CheckEvent)
    i.I2C_GenerateSTART                      0x080003ae   Section        0  stm32f10x_i2c.o(i.I2C_GenerateSTART)
    i.I2C_GenerateSTOP                       0x080003c6   Section        0  stm32f10x_i2c.o(i.I2C_GenerateSTOP)
    i.I2C_ReceiveData                        0x080003de   Section        0  stm32f10x_i2c.o(i.I2C_ReceiveData)
    i.I2C_Send7bitAddress                    0x080003e6   Section        0  stm32f10x_i2c.o(i.I2C_Send7bitAddress)
    i.I2C_SendData                           0x080003f8   Section        0  stm32f10x_i2c.o(i.I2C_SendData)
    i.MemManage_Handler                      0x080003fc   Section        0  stm32f10x_it.o(i.MemManage_Handler)
    i.NMI_Handler                            0x08000400   Section        0  stm32f10x_it.o(i.NMI_Handler)
    i.PendSV_Handler                         0x08000402   Section        0  stm32f10x_it.o(i.PendSV_Handler)
    i.RCC_APB2PeriphClockCmd                 0x08000404   Section        0  stm32f10x_rcc.o(i.RCC_APB2PeriphClockCmd)
    i.SVC_Handler                            0x08000424   Section        0  stm32f10x_it.o(i.SVC_Handler)
    i.SysTick_Handler                        0x08000426   Section        0  stm32f10x_it.o(i.SysTick_Handler)
    i.SystemInit                             0x08000428   Section        0  system_stm32f10x.o(i.SystemInit)
    i.UsageFault_Handler                     0x08000488   Section        0  stm32f10x_it.o(i.UsageFault_Handler)
    i._Z10OLED_Clearv                        0x0800048c   Section        0  oled.o(i._Z10OLED_Clearv)
    i._Z12OLED_ShowNumhhjh                   0x080004b6   Section        0  oled.o(i._Z12OLED_ShowNumhhjh)
    i._Z13OLED_I2C_Initv                     0x080004fc   Section        0  oled.o(i._Z13OLED_I2C_Initv)
    i._Z13OLED_I2C_Stopv                     0x0800054c   Section        0  oled.o(i._Z13OLED_I2C_Stopv)
    i._Z13OLED_ShowCharhhc                   0x08000574   Section        0  oled.o(i._Z13OLED_ShowCharhhc)
    i._Z14I2C2_WaitEventjj                   0x080005e8   Section        0  i2c_func.o(i._Z14I2C2_WaitEventjj)
    i._Z14OLED_I2C_Startv                    0x0800061c   Section        0  oled.o(i._Z14OLED_I2C_Startv)
    i._Z14OLED_SetCursorhh                   0x08000650   Section        0  oled.o(i._Z14OLED_SetCursorhh)
    i._Z14OLED_WriteDatah                    0x08000672   Section        0  oled.o(i._Z14OLED_WriteDatah)
    i._Z15MPU6050_GetDataRsS_S_S_S_S_        0x08000694   Section        0  mpu6050.o(i._Z15MPU6050_GetDataRsS_S_S_S_S_)
    i._Z15OLED_ShowStringhhPc                0x08000730   Section        0  oled.o(i._Z15OLED_ShowStringhhPc)
    i._Z17OLED_Display_Datav                 0x08000758   Section        0  main.o(i._Z17OLED_Display_Datav)
    i._Z17OLED_I2C_SendByteh                 0x08000a18   Section        0  oled.o(i._Z17OLED_I2C_SendByteh)
    i._Z17OLED_WriteCommandh                 0x08000a78   Section        0  oled.o(i._Z17OLED_WriteCommandh)
    i._Z7Delay_sj                            0x08000a98   Section        0  delay.o(i._Z7Delay_sj)
    i._Z8Delay_msj                           0x08000ab0   Section        0  delay.o(i._Z8Delay_msj)
    i._Z8Delay_usj                           0x08000ac8   Section        0  delay.o(i._Z8Delay_usj)
    i._Z8OLED_Powjj                          0x08000af6   Section        0  oled.o(i._Z8OLED_Powjj)
    i._Z9I2C2_ReadhhhPh                      0x08000b0c   Section        0  i2c_func.o(i._Z9I2C2_ReadhhhPh)
    i._Z9OLED_Initv                          0x08000be4   Section        0  oled.o(i._Z9OLED_Initv)
    i._ZN40_INTERNAL_18_system_stm32f10x_c_5d646a6711SetSysClockEv 0x08000c92   Section        0  system_stm32f10x.o(i._ZN40_INTERNAL_18_system_stm32f10x_c_5d646a6711SetSysClockEv)
    [local to system_stm32f10x_c]::SetSysClock() 0x08000c93   Thumb Code     8  system_stm32f10x.o(i._ZN40_INTERNAL_18_system_stm32f10x_c_5d646a6711SetSysClockEv)
    i._ZN40_INTERNAL_18_system_stm32f10x_c_5d646a6715SetSysClockTo72Ev 0x08000c9c   Section        0  system_stm32f10x.o(i._ZN40_INTERNAL_18_system_stm32f10x_c_5d646a6715SetSysClockTo72Ev)
    [local to system_stm32f10x_c]::SetSysClockTo72() 0x08000c9d   Thumb Code   214  system_stm32f10x.o(i._ZN40_INTERNAL_18_system_stm32f10x_c_5d646a6715SetSysClockTo72Ev)
    i.main                                   0x08000d7c   Section        0  main.o(i.main)
    x$fpl$d2f                                0x08000da4   Section       98  d2f.o(x$fpl$d2f)
    x$fpl$ddiv                               0x08000e08   Section      688  ddiv.o(x$fpl$ddiv)
    ddiv_entry                               0x08000e0f   Thumb Code     0  ddiv.o(x$fpl$ddiv)
    x$fpl$dflt                               0x080010b8   Section       46  dflt_clz.o(x$fpl$dflt)
    x$fpl$dmul                               0x080010e8   Section      340  dmul.o(x$fpl$dmul)
    x$fpl$dnaninf                            0x0800123c   Section      156  dnaninf.o(x$fpl$dnaninf)
    x$fpl$dretinf                            0x080012d8   Section       12  dretinf.o(x$fpl$dretinf)
    x$fpl$fcmpinf                            0x080012e4   Section       24  fcmpi.o(x$fpl$fcmpinf)
    x$fpl$ffix                               0x080012fc   Section       54  ffix.o(x$fpl$ffix)
    x$fpl$fleqf                              0x08001334   Section      104  fleqf.o(x$fpl$fleqf)
    x$fpl$fmul                               0x0800139c   Section      258  fmul.o(x$fpl$fmul)
    x$fpl$fnaninf                            0x0800149e   Section      140  fnaninf.o(x$fpl$fnaninf)
    x$fpl$fretinf                            0x0800152a   Section       10  fretinf.o(x$fpl$fretinf)
    x$fpl$frleqf                             0x08001534   Section       98  frleqf.o(x$fpl$frleqf)
    .constdata                               0x08001596   Section     1520  oled.o(.constdata)
    x$fpl$usenofp                            0x08001596   Section        0  usenofp.o(x$fpl$usenofp)
    OLED_F8x16                               0x08001596   Data        1520  oled.o(.constdata)
    .data                                    0x20000000   Section        5  i2c_func.o(.data)
    .data                                    0x20000008   Section        4  mpu6050.o(.data)
    .data                                    0x2000000c   Section       36  main.o(.data)
    .bss                                     0x20000030   Section       96  libspace.o(.bss)
    HEAP                                     0x20000090   Section      512  startup_stm32f10x_md.o(HEAP)
    Heap_Mem                                 0x20000090   Data         512  startup_stm32f10x_md.o(HEAP)
    STACK                                    0x20000290   Section     1024  startup_stm32f10x_md.o(STACK)
    Stack_Mem                                0x20000290   Data        1024  startup_stm32f10x_md.o(STACK)
    __initial_sp                             0x20000690   Data           0  startup_stm32f10x_md.o(STACK)

    Global Symbols

    Symbol Name                              Value     Ov Type        Size  Object(Section)

    BuildAttributes$$THM_ISAv4$P$D$K$B$S$PE$A:L22UL41UL21$X:L11$S22US41US21$IEEE1$IW$USESV6$~STKCKD$USESV7$~SHL$OTIME$ROPI$IEEEX$EBA8$UX$STANDARDLIB$REQ8$PRES8$EABIv2 0x00000000   Number         0  anon$$obj.o ABSOLUTE
    __ARM_use_no_argv                        0x00000000   Number         0  main.o ABSOLUTE
    SHT$$ARM_EXIDX$$Base                      - Undefined Reference
    SHT$$ARM_EXIDX$$Limit                     - Undefined Reference
    __ARM::default_unexpected_handler()       - Undefined Weak Reference
    __ARM_exceptions_buffer_required          - Undefined Weak Reference
    __ARM_exceptions_init                     - Undefined Weak Reference
    __aeabi_unwind_cpp_pr1                    - Undefined Weak Reference
    __aeabi_unwind_cpp_pr2                    - Undefined Weak Reference
    __alloca_initialize                       - Undefined Weak Reference
    __arm_preinit_                            - Undefined Weak Reference
    __cpp_initialize__aeabi_                  - Undefined Weak Reference
    __cxa_begin_cleanup                       - Undefined Weak Reference
    __cxa_finalize                            - Undefined Weak Reference
    __cxa_type_match                          - Undefined Weak Reference
    __rt_locale                               - Undefined Weak Reference
    __sigvec_lookup                           - Undefined Weak Reference
    __user_heap_extent                        - Undefined Weak Reference
    _atexit_init                              - Undefined Weak Reference
    _call_atexit_fns                          - Undefined Weak Reference
    _clock_init                               - Undefined Weak Reference
    _fp_trap_init                             - Undefined Weak Reference
    _fp_trap_shutdown                         - Undefined Weak Reference
    _get_lc_collate                           - Undefined Weak Reference
    _get_lc_ctype                             - Undefined Weak Reference
    _get_lc_monetary                          - Undefined Weak Reference
    _get_lc_numeric                           - Undefined Weak Reference
    _get_lc_time                              - Undefined Weak Reference
    _getenv_init                              - Undefined Weak Reference
    _handle_redirection                       - Undefined Weak Reference
    _initio                                   - Undefined Weak Reference
    _mutex_acquire                            - Undefined Weak Reference
    _mutex_free                               - Undefined Weak Reference
    _mutex_release                            - Undefined Weak Reference
    _rand_init                                - Undefined Weak Reference
    _signal_finish                            - Undefined Weak Reference
    _signal_init                              - Undefined Weak Reference
    _terminateio                              - Undefined Weak Reference
    __Vectors_Size                           0x000000ec   Number         0  startup_stm32f10x_md.o ABSOLUTE
    __Vectors                                0x08000000   Data           4  startup_stm32f10x_md.o(RESET)
    __Vectors_End                            0x080000ec   Data           0  startup_stm32f10x_md.o(RESET)
    __main                                   0x080000ed   Thumb Code     8  __main.o(!!!main)
    __scatterload                            0x080000f5   Thumb Code     0  __scatter.o(!!!scatter)
    __scatterload_rt2                        0x080000f5   Thumb Code    44  __scatter.o(!!!scatter)
    __scatterload_rt2_thumb_only             0x080000f5   Thumb Code     0  __scatter.o(!!!scatter)
    __scatterload_null                       0x08000103   Thumb Code     0  __scatter.o(!!!scatter)
    __scatterload_copy                       0x08000129   Thumb Code    26  __scatter_copy.o(!!handler_copy)
    __scatterload_zeroinit                   0x08000145   Thumb Code    28  __scatter_zi.o(!!handler_zi)
    __rt_lib_init                            0x08000161   Thumb Code     0  libinit.o(.ARM.Collect$$libinit$$00000000)
    __rt_lib_init_alloca_1                   0x08000163   Thumb Code     0  libinit2.o(.ARM.Collect$$libinit$$0000002E)
    __rt_lib_init_argv_1                     0x08000163   Thumb Code     0  libinit2.o(.ARM.Collect$$libinit$$0000002C)
    __rt_lib_init_atexit_1                   0x08000163   Thumb Code     0  libinit2.o(.ARM.Collect$$libinit$$0000001B)
    __rt_lib_init_clock_1                    0x08000163   Thumb Code     0  libinit2.o(.ARM.Collect$$libinit$$00000021)
    __rt_lib_init_cpp_1                      0x08000163   Thumb Code     0  libinit2.o(.ARM.Collect$$libinit$$00000032)
    __rt_lib_init_exceptions_1               0x08000163   Thumb Code     0  libinit2.o(.ARM.Collect$$libinit$$00000030)
    __rt_lib_init_fp_1                       0x08000163   Thumb Code     0  libinit2.o(.ARM.Collect$$libinit$$00000002)
    __rt_lib_init_fp_trap_1                  0x08000163   Thumb Code     0  libinit2.o(.ARM.Collect$$libinit$$0000001F)
    __rt_lib_init_getenv_1                   0x08000163   Thumb Code     0  libinit2.o(.ARM.Collect$$libinit$$00000023)
    __rt_lib_init_heap_1                     0x08000163   Thumb Code     0  libinit2.o(.ARM.Collect$$libinit$$0000000A)
    __rt_lib_init_lc_collate_1               0x08000163   Thumb Code     0  libinit2.o(.ARM.Collect$$libinit$$00000011)
    __rt_lib_init_lc_ctype_1                 0x08000163   Thumb Code     0  libinit2.o(.ARM.Collect$$libinit$$00000013)
    __rt_lib_init_lc_monetary_1              0x08000163   Thumb Code     0  libinit2.o(.ARM.Collect$$libinit$$00000015)
    __rt_lib_init_lc_numeric_1               0x08000163   Thumb Code     0  libinit2.o(.ARM.Collect$$libinit$$00000017)
    __rt_lib_init_lc_time_1                  0x08000163   Thumb Code     0  libinit2.o(.ARM.Collect$$libinit$$00000019)
    __rt_lib_init_preinit_1                  0x08000163   Thumb Code     0  libinit2.o(.ARM.Collect$$libinit$$00000004)
    __rt_lib_init_rand_1                     0x08000163   Thumb Code     0  libinit2.o(.ARM.Collect$$libinit$$0000000E)
    __rt_lib_init_return                     0x08000163   Thumb Code     0  libinit2.o(.ARM.Collect$$libinit$$00000033)
    __rt_lib_init_signal_1                   0x08000163   Thumb Code     0  libinit2.o(.ARM.Collect$$libinit$$0000001D)
    __rt_lib_init_stdio_1                    0x08000163   Thumb Code     0  libinit2.o(.ARM.Collect$$libinit$$00000025)
    __rt_lib_init_user_alloc_1               0x08000163   Thumb Code     0  libinit2.o(.ARM.Collect$$libinit$$0000000C)
    __rt_lib_shutdown                        0x08000165   Thumb Code     0  libshutdown.o(.ARM.Collect$$libshutdown$$00000000)
    __rt_lib_shutdown_cpp_1                  0x08000167   Thumb Code     0  libshutdown2.o(.ARM.Collect$$libshutdown$$00000002)
    __rt_lib_shutdown_fp_trap_1              0x08000167   Thumb Code     0  libshutdown2.o(.ARM.Collect$$libshutdown$$00000007)
    __rt_lib_shutdown_heap_1                 0x08000167   Thumb Code     0  libshutdown2.o(.ARM.Collect$$libshutdown$$0000000F)
    __rt_lib_shutdown_return                 0x08000167   Thumb Code     0  libshutdown2.o(.ARM.Collect$$libshutdown$$00000010)
    __rt_lib_shutdown_signal_1               0x08000167   Thumb Code     0  libshutdown2.o(.ARM.Collect$$libshutdown$$0000000A)
    __rt_lib_shutdown_stdio_1                0x08000167   Thumb Code     0  libshutdown2.o(.ARM.Collect$$libshutdown$$00000004)
    __rt_lib_shutdown_user_alloc_1           0x08000167   Thumb Code     0  libshutdown2.o(.ARM.Collect$$libshutdown$$0000000C)
    __rt_entry                               0x08000169   Thumb Code     0  __rtentry.o(.ARM.Collect$$rtentry$$00000000)
    __rt_entry_presh_1                       0x08000169   Thumb Code     0  __rtentry2.o(.ARM.Collect$$rtentry$$00000002)
    __rt_entry_sh                            0x08000169   Thumb Code     0  __rtentry4.o(.ARM.Collect$$rtentry$$00000004)
    __rt_entry_li                            0x0800016f   Thumb Code     0  __rtentry2.o(.ARM.Collect$$rtentry$$0000000A)
    __rt_entry_postsh_1                      0x0800016f   Thumb Code     0  __rtentry2.o(.ARM.Collect$$rtentry$$00000009)
    __rt_entry_main                          0x08000173   Thumb Code     0  __rtentry2.o(.ARM.Collect$$rtentry$$0000000D)
    __rt_entry_postli_1                      0x08000173   Thumb Code     0  __rtentry2.o(.ARM.Collect$$rtentry$$0000000C)
    __rt_exit                                0x0800017b   Thumb Code     0  rtexit.o(.ARM.Collect$$rtexit$$00000000)
    __rt_exit_ls                             0x0800017d   Thumb Code     0  rtexit2.o(.ARM.Collect$$rtexit$$00000003)
    __rt_exit_prels_1                        0x0800017d   Thumb Code     0  rtexit2.o(.ARM.Collect$$rtexit$$00000002)
    __rt_exit_exit                           0x08000181   Thumb Code     0  rtexit2.o(.ARM.Collect$$rtexit$$00000004)
    Reset_Handler                            0x08000189   Thumb Code     8  startup_stm32f10x_md.o(.text)
    ADC1_2_IRQHandler                        0x080001a3   Thumb Code     0  startup_stm32f10x_md.o(.text)
    CAN1_RX1_IRQHandler                      0x080001a3   Thumb Code     0  startup_stm32f10x_md.o(.text)
    CAN1_SCE_IRQHandler                      0x080001a3   Thumb Code     0  startup_stm32f10x_md.o(.text)
    DMA1_Channel1_IRQHandler                 0x080001a3   Thumb Code     0  startup_stm32f10x_md.o(.text)
    DMA1_Channel2_IRQHandler                 0x080001a3   Thumb Code     0  startup_stm32f10x_md.o(.text)
    DMA1_Channel3_IRQHandler                 0x080001a3   Thumb Code     0  startup_stm32f10x_md.o(.text)
    DMA1_Channel4_IRQHandler                 0x080001a3   Thumb Code     0  startup_stm32f10x_md.o(.text)
    DMA1_Channel5_IRQHandler                 0x080001a3   Thumb Code     0  startup_stm32f10x_md.o(.text)
    DMA1_Channel6_IRQHandler                 0x080001a3   Thumb Code     0  startup_stm32f10x_md.o(.text)
    DMA1_Channel7_IRQHandler                 0x080001a3   Thumb Code     0  startup_stm32f10x_md.o(.text)
    EXTI0_IRQHandler                         0x080001a3   Thumb Code     0  startup_stm32f10x_md.o(.text)
    EXTI15_10_IRQHandler                     0x080001a3   Thumb Code     0  startup_stm32f10x_md.o(.text)
    EXTI1_IRQHandler                         0x080001a3   Thumb Code     0  startup_stm32f10x_md.o(.text)
    EXTI2_IRQHandler                         0x080001a3   Thumb Code     0  startup_stm32f10x_md.o(.text)
    EXTI3_IRQHandler                         0x080001a3   Thumb Code     0  startup_stm32f10x_md.o(.text)
    EXTI4_IRQHandler                         0x080001a3   Thumb Code     0  startup_stm32f10x_md.o(.text)
    EXTI9_5_IRQHandler                       0x080001a3   Thumb Code     0  startup_stm32f10x_md.o(.text)
    FLASH_IRQHandler                         0x080001a3   Thumb Code     0  startup_stm32f10x_md.o(.text)
    I2C1_ER_IRQHandler                       0x080001a3   Thumb Code     0  startup_stm32f10x_md.o(.text)
    I2C1_EV_IRQHandler                       0x080001a3   Thumb Code     0  startup_stm32f10x_md.o(.text)
    I2C2_ER_IRQHandler                       0x080001a3   Thumb Code     0  startup_stm32f10x_md.o(.text)
    I2C2_EV_IRQHandler                       0x080001a3   Thumb Code     0  startup_stm32f10x_md.o(.text)
    PVD_IRQHandler                           0x080001a3   Thumb Code     0  startup_stm32f10x_md.o(.text)
    RCC_IRQHandler                           0x080001a3   Thumb Code     0  startup_stm32f10x_md.o(.text)
    RTCAlarm_IRQHandler                      0x080001a3   Thumb Code     0  startup_stm32f10x_md.o(.text)
    RTC_IRQHandler                           0x080001a3   Thumb Code     0  startup_stm32f10x_md.o(.text)
    SPI1_IRQHandler                          0x080001a3   Thumb Code     0  startup_stm32f10x_md.o(.text)
    SPI2_IRQHandler                          0x080001a3   Thumb Code     0  startup_stm32f10x_md.o(.text)
    TAMPER_IRQHandler                        0x080001a3   Thumb Code     0  startup_stm32f10x_md.o(.text)
    TIM1_BRK_IRQHandler                      0x080001a3   Thumb Code     0  startup_stm32f10x_md.o(.text)
    TIM1_CC_IRQHandler                       0x080001a3   Thumb Code     0  startup_stm32f10x_md.o(.text)
    TIM1_TRG_COM_IRQHandler                  0x080001a3   Thumb Code     0  startup_stm32f10x_md.o(.text)
    TIM1_UP_IRQHandler                       0x080001a3   Thumb Code     0  startup_stm32f10x_md.o(.text)
    TIM2_IRQHandler                          0x080001a3   Thumb Code     0  startup_stm32f10x_md.o(.text)
    TIM3_IRQHandler                          0x080001a3   Thumb Code     0  startup_stm32f10x_md.o(.text)
    TIM4_IRQHandler                          0x080001a3   Thumb Code     0  startup_stm32f10x_md.o(.text)
    USART1_IRQHandler                        0x080001a3   Thumb Code     0  startup_stm32f10x_md.o(.text)
    USART2_IRQHandler                        0x080001a3   Thumb Code     0  startup_stm32f10x_md.o(.text)
    USART3_IRQHandler                        0x080001a3   Thumb Code     0  startup_stm32f10x_md.o(.text)
    USBWakeUp_IRQHandler                     0x080001a3   Thumb Code     0  startup_stm32f10x_md.o(.text)
    USB_HP_CAN1_TX_IRQHandler                0x080001a3   Thumb Code     0  startup_stm32f10x_md.o(.text)
    USB_LP_CAN1_RX0_IRQHandler               0x080001a3   Thumb Code     0  startup_stm32f10x_md.o(.text)
    WWDG_IRQHandler                          0x080001a3   Thumb Code     0  startup_stm32f10x_md.o(.text)
    __user_initial_stackheap                 0x080001a5   Thumb Code     0  startup_stm32f10x_md.o(.text)
    __use_two_region_memory                  0x080001c9   Thumb Code     2  heapauxi.o(.text)
    __rt_heap_escrow                         0x080001cb   Thumb Code     2  heapauxi.o(.text)
    __rt_heap_expand                         0x080001cd   Thumb Code     2  heapauxi.o(.text)
    __user_libspace                          0x080001d1   Thumb Code     8  libspace.o(.text)
    __user_perproc_libspace                  0x080001d1   Thumb Code     0  libspace.o(.text)
    __user_perthread_libspace                0x080001d1   Thumb Code     0  libspace.o(.text)
    __user_setup_stackheap                   0x080001d9   Thumb Code    74  sys_stackheap_outer.o(.text)
    exit                                     0x08000223   Thumb Code    18  exit.o(.text)
    _sys_exit                                0x08000235   Thumb Code     8  sys_exit.o(.text)
    __I$use$semihosting                      0x08000241   Thumb Code     0  use_no_semi.o(.text)
    __use_no_semihosting_swi                 0x08000241   Thumb Code     2  use_no_semi.o(.text)
    BusFault_Handler                         0x08000243   Thumb Code     4  stm32f10x_it.o(i.BusFault_Handler)
    __semihosting_library_function           0x08000243   Thumb Code     0  indicate_semi.o(.text)
    DebugMon_Handler                         0x08000247   Thumb Code     2  stm32f10x_it.o(i.DebugMon_Handler)
    GPIO_Init                                0x08000249   Thumb Code   278  stm32f10x_gpio.o(i.GPIO_Init)
    GPIO_WriteBit                            0x0800035f   Thumb Code    10  stm32f10x_gpio.o(i.GPIO_WriteBit)
    HardFault_Handler                        0x08000369   Thumb Code     4  stm32f10x_it.o(i.HardFault_Handler)
    I2C_AcknowledgeConfig                    0x0800036d   Thumb Code    24  stm32f10x_i2c.o(i.I2C_AcknowledgeConfig)
    I2C_CheckEvent                           0x08000385   Thumb Code    42  stm32f10x_i2c.o(i.I2C_CheckEvent)
    I2C_GenerateSTART                        0x080003af   Thumb Code    24  stm32f10x_i2c.o(i.I2C_GenerateSTART)
    I2C_GenerateSTOP                         0x080003c7   Thumb Code    24  stm32f10x_i2c.o(i.I2C_GenerateSTOP)
    I2C_ReceiveData                          0x080003df   Thumb Code     8  stm32f10x_i2c.o(i.I2C_ReceiveData)
    I2C_Send7bitAddress                      0x080003e7   Thumb Code    18  stm32f10x_i2c.o(i.I2C_Send7bitAddress)
    I2C_SendData                             0x080003f9   Thumb Code     4  stm32f10x_i2c.o(i.I2C_SendData)
    MemManage_Handler                        0x080003fd   Thumb Code     4  stm32f10x_it.o(i.MemManage_Handler)
    NMI_Handler                              0x08000401   Thumb Code     2  stm32f10x_it.o(i.NMI_Handler)
    PendSV_Handler                           0x08000403   Thumb Code     2  stm32f10x_it.o(i.PendSV_Handler)
    RCC_APB2PeriphClockCmd                   0x08000405   Thumb Code    26  stm32f10x_rcc.o(i.RCC_APB2PeriphClockCmd)
    SVC_Handler                              0x08000425   Thumb Code     2  stm32f10x_it.o(i.SVC_Handler)
    SysTick_Handler                          0x08000427   Thumb Code     2  stm32f10x_it.o(i.SysTick_Handler)
    SystemInit                               0x08000429   Thumb Code    78  system_stm32f10x.o(i.SystemInit)
    UsageFault_Handler                       0x08000489   Thumb Code     4  stm32f10x_it.o(i.UsageFault_Handler)
    OLED_Clear()                             0x0800048d   Thumb Code    42  oled.o(i._Z10OLED_Clearv)
    OLED_ShowNum(unsigned char, unsigned char, unsigned, unsigned char) 0x080004b7   Thumb Code    68  oled.o(i._Z12OLED_ShowNumhhjh)
    OLED_I2C_Init()                          0x080004fd   Thumb Code    76  oled.o(i._Z13OLED_I2C_Initv)
    OLED_I2C_Stop()                          0x0800054d   Thumb Code    36  oled.o(i._Z13OLED_I2C_Stopv)
    OLED_ShowChar(unsigned char, unsigned char, char) 0x08000575   Thumb Code   110  oled.o(i._Z13OLED_ShowCharhhc)
    I2C2_WaitEvent(unsigned, unsigned)       0x080005e9   Thumb Code    44  i2c_func.o(i._Z14I2C2_WaitEventjj)
    OLED_I2C_Start()                         0x0800061d   Thumb Code    48  oled.o(i._Z14OLED_I2C_Startv)
    OLED_SetCursor(unsigned char, unsigned char) 0x08000651   Thumb Code    34  oled.o(i._Z14OLED_SetCursorhh)
    OLED_WriteData(unsigned char)            0x08000673   Thumb Code    32  oled.o(i._Z14OLED_WriteDatah)
    MPU6050_GetData(short&, short&, short&, short&, short&, short&) 0x08000695   Thumb Code   152  mpu6050.o(i._Z15MPU6050_GetDataRsS_S_S_S_S_)
    OLED_ShowString(unsigned char, unsigned char, char*) 0x08000731   Thumb Code    40  oled.o(i._Z15OLED_ShowStringhhPc)
    OLED_Display_Data()                      0x08000759   Thumb Code   642  main.o(i._Z17OLED_Display_Datav)
    OLED_I2C_SendByte(unsigned char)         0x08000a19   Thumb Code    92  oled.o(i._Z17OLED_I2C_SendByteh)
    OLED_WriteCommand(unsigned char)         0x08000a79   Thumb Code    32  oled.o(i._Z17OLED_WriteCommandh)
    Delay_s(unsigned)                        0x08000a99   Thumb Code    24  delay.o(i._Z7Delay_sj)
    Delay_ms(unsigned)                       0x08000ab1   Thumb Code    24  delay.o(i._Z8Delay_msj)
    Delay_us(unsigned)                       0x08000ac9   Thumb Code    46  delay.o(i._Z8Delay_usj)
    OLED_Pow(unsigned, unsigned)             0x08000af7   Thumb Code    20  oled.o(i._Z8OLED_Powjj)
    I2C2_Read(unsigned char, unsigned char, unsigned char, unsigned char*) 0x08000b0d   Thumb Code   200  i2c_func.o(i._Z9I2C2_ReadhhhPh)
    OLED_Init()                              0x08000be5   Thumb Code   174  oled.o(i._Z9OLED_Initv)
    main                                     0x08000d7d   Thumb Code    28  main.o(i.main)
    __aeabi_d2f                              0x08000da5   Thumb Code     0  d2f.o(x$fpl$d2f)
    _d2f                                     0x08000da5   Thumb Code    98  d2f.o(x$fpl$d2f)
    __aeabi_ddiv                             0x08000e09   Thumb Code     0  ddiv.o(x$fpl$ddiv)
    _ddiv                                    0x08000e09   Thumb Code   552  ddiv.o(x$fpl$ddiv)
    __aeabi_i2d                              0x080010b9   Thumb Code     0  dflt_clz.o(x$fpl$dflt)
    _dflt                                    0x080010b9   Thumb Code    46  dflt_clz.o(x$fpl$dflt)
    __aeabi_dmul                             0x080010e9   Thumb Code     0  dmul.o(x$fpl$dmul)
    _dmul                                    0x080010e9   Thumb Code   332  dmul.o(x$fpl$dmul)
    __fpl_dnaninf                            0x0800123d   Thumb Code   156  dnaninf.o(x$fpl$dnaninf)
    __fpl_dretinf                            0x080012d9   Thumb Code    12  dretinf.o(x$fpl$dretinf)
    __fpl_fcmp_Inf                           0x080012e5   Thumb Code    24  fcmpi.o(x$fpl$fcmpinf)
    __aeabi_f2iz                             0x080012fd   Thumb Code     0  ffix.o(x$fpl$ffix)
    _ffix                                    0x080012fd   Thumb Code    54  ffix.o(x$fpl$ffix)
    __aeabi_cfcmple                          0x08001335   Thumb Code     0  fleqf.o(x$fpl$fleqf)
    _fcmple                                  0x08001335   Thumb Code   104  fleqf.o(x$fpl$fleqf)
    __fpl_fcmple_InfNaN                      0x08001387   Thumb Code     0  fleqf.o(x$fpl$fleqf)
    __aeabi_fmul                             0x0800139d   Thumb Code     0  fmul.o(x$fpl$fmul)
    _fmul                                    0x0800139d   Thumb Code   258  fmul.o(x$fpl$fmul)
    __fpl_fnaninf                            0x0800149f   Thumb Code   140  fnaninf.o(x$fpl$fnaninf)
    __fpl_fretinf                            0x0800152b   Thumb Code    10  fretinf.o(x$fpl$fretinf)
    __aeabi_cfrcmple                         0x08001535   Thumb Code     0  frleqf.o(x$fpl$frleqf)
    _frcmple                                 0x08001535   Thumb Code    98  frleqf.o(x$fpl$frleqf)
    __I$use$fp                               0x08001596   Number         0  usenofp.o(x$fpl$usenofp)
    Region$$Table$$Base                      0x08001b88   Number         0  anon$$obj.o(Region$$Table)
    Region$$Table$$Limit                     0x08001ba8   Number         0  anon$$obj.o(Region$$Table)
    I2C2_time_out                            0x20000000   Data           4  i2c_func.o(.data)
    I2C2_ErrorFlag                           0x20000004   Data           1  i2c_func.o(.data)
    MPU6050_Register                         0x20000008   Data           4  mpu6050.o(.data)
    accx                                     0x2000000c   Data           4  main.o(.data)
    accy                                     0x20000010   Data           4  main.o(.data)
    accz                                     0x20000014   Data           4  main.o(.data)
    gyrx                                     0x20000018   Data           4  main.o(.data)
    gyry                                     0x2000001c   Data           4  main.o(.data)
    gyrz                                     0x20000020   Data           4  main.o(.data)
    pitch                                    0x20000024   Data           4  main.o(.data)
    roll                                     0x20000028   Data           4  main.o(.data)
    yaw                                      0x2000002c   Data           4  main.o(.data)
    __libspace_start                         0x20000030   Data          96  libspace.o(.bss)
    __temporary_stack_top$libspace           0x20000090   Data           0  libspace.o(.bss)



==============================================================================

Memory Map of the image

  Image Entry point : 0x080000ed

  Load Region LR_IROM1 (Base: 0x08000000, Size: 0x00001bd8, Max: 0x00010000, ABSOLUTE)

    Execution Region ER_IROM1 (Exec base: 0x08000000, Load base: 0x08000000, Size: 0x00001ba8, Max: 0x00010000, ABSOLUTE)

    Exec Addr    Load Addr    Size         Type   Attr      Idx    E Section Name        Object

    0x08000000   0x08000000   0x000000ec   Data   RO         3736    RESET               startup_stm32f10x_md.o
    0x080000ec   0x080000ec   0x00000008   Code   RO         4064  * !!!main             c_w.l(__main.o)
    0x080000f4   0x080000f4   0x00000034   Code   RO         4628    !!!scatter          c_w.l(__scatter.o)
    0x08000128   0x08000128   0x0000001a   Code   RO         4630    !!handler_copy      c_w.l(__scatter_copy.o)
    0x08000142   0x08000142   0x00000002   PAD
    0x08000144   0x08000144   0x0000001c   Code   RO         4632    !!handler_zi        c_w.l(__scatter_zi.o)
    0x08000160   0x08000160   0x00000002   Code   RO         4499    .ARM.Collect$$libinit$$00000000  c_w.l(libinit.o)
    0x08000162   0x08000162   0x00000000   Code   RO         4295    .ARM.Collect$$libinit$$00000002  c_w.l(libinit2.o)
    0x08000162   0x08000162   0x00000000   Code   RO         4297    .ARM.Collect$$libinit$$00000004  c_w.l(libinit2.o)
    0x08000162   0x08000162   0x00000000   Code   RO         4300    .ARM.Collect$$libinit$$0000000A  c_w.l(libinit2.o)
    0x08000162   0x08000162   0x00000000   Code   RO         4302    .ARM.Collect$$libinit$$0000000C  c_w.l(libinit2.o)
    0x08000162   0x08000162   0x00000000   Code   RO         4304    .ARM.Collect$$libinit$$0000000E  c_w.l(libinit2.o)
    0x08000162   0x08000162   0x00000000   Code   RO         4307    .ARM.Collect$$libinit$$00000011  c_w.l(libinit2.o)
    0x08000162   0x08000162   0x00000000   Code   RO         4309    .ARM.Collect$$libinit$$00000013  c_w.l(libinit2.o)
    0x08000162   0x08000162   0x00000000   Code   RO         4311    .ARM.Collect$$libinit$$00000015  c_w.l(libinit2.o)
    0x08000162   0x08000162   0x00000000   Code   RO         4313    .ARM.Collect$$libinit$$00000017  c_w.l(libinit2.o)
    0x08000162   0x08000162   0x00000000   Code   RO         4315    .ARM.Collect$$libinit$$00000019  c_w.l(libinit2.o)
    0x08000162   0x08000162   0x00000000   Code   RO         4317    .ARM.Collect$$libinit$$0000001B  c_w.l(libinit2.o)
    0x08000162   0x08000162   0x00000000   Code   RO         4319    .ARM.Collect$$libinit$$0000001D  c_w.l(libinit2.o)
    0x08000162   0x08000162   0x00000000   Code   RO         4321    .ARM.Collect$$libinit$$0000001F  c_w.l(libinit2.o)
    0x08000162   0x08000162   0x00000000   Code   RO         4323    .ARM.Collect$$libinit$$00000021  c_w.l(libinit2.o)
    0x08000162   0x08000162   0x00000000   Code   RO         4325    .ARM.Collect$$libinit$$00000023  c_w.l(libinit2.o)
    0x08000162   0x08000162   0x00000000   Code   RO         4327    .ARM.Collect$$libinit$$00000025  c_w.l(libinit2.o)
    0x08000162   0x08000162   0x00000000   Code   RO         4331    .ARM.Collect$$libinit$$0000002C  c_w.l(libinit2.o)
    0x08000162   0x08000162   0x00000000   Code   RO         4333    .ARM.Collect$$libinit$$0000002E  c_w.l(libinit2.o)
    0x08000162   0x08000162   0x00000000   Code   RO         4335    .ARM.Collect$$libinit$$00000030  c_w.l(libinit2.o)
    0x08000162   0x08000162   0x00000000   Code   RO         4337    .ARM.Collect$$libinit$$00000032  c_w.l(libinit2.o)
    0x08000162   0x08000162   0x00000002   Code   RO         4338    .ARM.Collect$$libinit$$00000033  c_w.l(libinit2.o)
    0x08000164   0x08000164   0x00000002   Code   RO         4611    .ARM.Collect$$libshutdown$$00000000  c_w.l(libshutdown.o)
    0x08000166   0x08000166   0x00000000   Code   RO         4590    .ARM.Collect$$libshutdown$$00000002  c_w.l(libshutdown2.o)
    0x08000166   0x08000166   0x00000000   Code   RO         4592    .ARM.Collect$$libshutdown$$00000004  c_w.l(libshutdown2.o)
    0x08000166   0x08000166   0x00000000   Code   RO         4595    .ARM.Collect$$libshutdown$$00000007  c_w.l(libshutdown2.o)
    0x08000166   0x08000166   0x00000000   Code   RO         4598    .ARM.Collect$$libshutdown$$0000000A  c_w.l(libshutdown2.o)
    0x08000166   0x08000166   0x00000000   Code   RO         4600    .ARM.Collect$$libshutdown$$0000000C  c_w.l(libshutdown2.o)
    0x08000166   0x08000166   0x00000000   Code   RO         4603    .ARM.Collect$$libshutdown$$0000000F  c_w.l(libshutdown2.o)
    0x08000166   0x08000166   0x00000002   Code   RO         4604    .ARM.Collect$$libshutdown$$00000010  c_w.l(libshutdown2.o)
    0x08000168   0x08000168   0x00000000   Code   RO         4116    .ARM.Collect$$rtentry$$00000000  c_w.l(__rtentry.o)
    0x08000168   0x08000168   0x00000000   Code   RO         4242    .ARM.Collect$$rtentry$$00000002  c_w.l(__rtentry2.o)
    0x08000168   0x08000168   0x00000006   Code   RO         4254    .ARM.Collect$$rtentry$$00000004  c_w.l(__rtentry4.o)
    0x0800016e   0x0800016e   0x00000000   Code   RO         4244    .ARM.Collect$$rtentry$$00000009  c_w.l(__rtentry2.o)
    0x0800016e   0x0800016e   0x00000004   Code   RO         4245    .ARM.Collect$$rtentry$$0000000A  c_w.l(__rtentry2.o)
    0x08000172   0x08000172   0x00000000   Code   RO         4247    .ARM.Collect$$rtentry$$0000000C  c_w.l(__rtentry2.o)
    0x08000172   0x08000172   0x00000008   Code   RO         4248    .ARM.Collect$$rtentry$$0000000D  c_w.l(__rtentry2.o)
    0x0800017a   0x0800017a   0x00000002   Code   RO         4535    .ARM.Collect$$rtexit$$00000000  c_w.l(rtexit.o)
    0x0800017c   0x0800017c   0x00000000   Code   RO         4573    .ARM.Collect$$rtexit$$00000002  c_w.l(rtexit2.o)
    0x0800017c   0x0800017c   0x00000004   Code   RO         4574    .ARM.Collect$$rtexit$$00000003  c_w.l(rtexit2.o)
    0x08000180   0x08000180   0x00000006   Code   RO         4575    .ARM.Collect$$rtexit$$00000004  c_w.l(rtexit2.o)
    0x08000186   0x08000186   0x00000002   PAD
    0x08000188   0x08000188   0x00000040   Code   RO         3737    .text               startup_stm32f10x_md.o
    0x080001c8   0x080001c8   0x00000006   Code   RO         4062    .text               c_w.l(heapauxi.o)
    0x080001ce   0x080001ce   0x00000002   PAD
    0x080001d0   0x080001d0   0x00000008   Code   RO         4236    .text               c_w.l(libspace.o)
    0x080001d8   0x080001d8   0x0000004a   Code   RO         4471    .text               c_w.l(sys_stackheap_outer.o)
    0x08000222   0x08000222   0x00000012   Code   RO         4481    .text               c_w.l(exit.o)
    0x08000234   0x08000234   0x0000000c   Code   RO         4530    .text               c_w.l(sys_exit.o)
    0x08000240   0x08000240   0x00000002   Code   RO         4532    .text               c_w.l(use_no_semi.o)
    0x08000242   0x08000242   0x00000000   Code   RO         4534    .text               c_w.l(indicate_semi.o)
    0x08000242   0x08000242   0x00000004   Code   RO         3946    i.BusFault_Handler  stm32f10x_it.o
    0x08000246   0x08000246   0x00000002   Code   RO         3947    i.DebugMon_Handler  stm32f10x_it.o
    0x08000248   0x08000248   0x00000116   Code   RO         1455    i.GPIO_Init         stm32f10x_gpio.o
    0x0800035e   0x0800035e   0x0000000a   Code   RO         1466    i.GPIO_WriteBit     stm32f10x_gpio.o
    0x08000368   0x08000368   0x00000004   Code   RO         3948    i.HardFault_Handler  stm32f10x_it.o
    0x0800036c   0x0800036c   0x00000018   Code   RO         1585    i.I2C_AcknowledgeConfig  stm32f10x_i2c.o
    0x08000384   0x08000384   0x0000002a   Code   RO         1587    i.I2C_CheckEvent    stm32f10x_i2c.o
    0x080003ae   0x080003ae   0x00000018   Code   RO         1597    i.I2C_GenerateSTART  stm32f10x_i2c.o
    0x080003c6   0x080003c6   0x00000018   Code   RO         1598    i.I2C_GenerateSTOP  stm32f10x_i2c.o
    0x080003de   0x080003de   0x00000008   Code   RO         1609    i.I2C_ReceiveData   stm32f10x_i2c.o
    0x080003e6   0x080003e6   0x00000012   Code   RO         1611    i.I2C_Send7bitAddress  stm32f10x_i2c.o
    0x080003f8   0x080003f8   0x00000004   Code   RO         1612    i.I2C_SendData      stm32f10x_i2c.o
    0x080003fc   0x080003fc   0x00000004   Code   RO         3949    i.MemManage_Handler  stm32f10x_it.o
    0x08000400   0x08000400   0x00000002   Code   RO         3950    i.NMI_Handler       stm32f10x_it.o
    0x08000402   0x08000402   0x00000002   Code   RO         3951    i.PendSV_Handler    stm32f10x_it.o
    0x08000404   0x08000404   0x00000020   Code   RO         1951    i.RCC_APB2PeriphClockCmd  stm32f10x_rcc.o
    0x08000424   0x08000424   0x00000002   Code   RO         3952    i.SVC_Handler       stm32f10x_it.o
    0x08000426   0x08000426   0x00000002   Code   RO         3953    i.SysTick_Handler   stm32f10x_it.o
    0x08000428   0x08000428   0x00000060   Code   RO         3742    i.SystemInit        system_stm32f10x.o
    0x08000488   0x08000488   0x00000004   Code   RO         3954    i.UsageFault_Handler  stm32f10x_it.o
    0x0800048c   0x0800048c   0x0000002a   Code   RO         3597    i._Z10OLED_Clearv   oled.o
    0x080004b6   0x080004b6   0x00000044   Code   RO         3598    i._Z12OLED_ShowNumhhjh  oled.o
    0x080004fa   0x080004fa   0x00000002   PAD
    0x080004fc   0x080004fc   0x00000050   Code   RO         3599    i._Z13OLED_I2C_Initv  oled.o
    0x0800054c   0x0800054c   0x00000028   Code   RO         3600    i._Z13OLED_I2C_Stopv  oled.o
    0x08000574   0x08000574   0x00000074   Code   RO         3601    i._Z13OLED_ShowCharhhc  oled.o
    0x080005e8   0x080005e8   0x00000034   Code   RO         3862    i._Z14I2C2_WaitEventjj  i2c_func.o
    0x0800061c   0x0800061c   0x00000034   Code   RO         3602    i._Z14OLED_I2C_Startv  oled.o
    0x08000650   0x08000650   0x00000022   Code   RO         3603    i._Z14OLED_SetCursorhh  oled.o
    0x08000672   0x08000672   0x00000020   Code   RO         3604    i._Z14OLED_WriteDatah  oled.o
    0x08000692   0x08000692   0x00000002   PAD
    0x08000694   0x08000694   0x0000009c   Code   RO         3902    i._Z15MPU6050_GetDataRsS_S_S_S_S_  mpu6050.o
    0x08000730   0x08000730   0x00000028   Code   RO         3607    i._Z15OLED_ShowStringhhPc  oled.o
    0x08000758   0x08000758   0x000002c0   Code   RO         4019    i._Z17OLED_Display_Datav  main.o
    0x08000a18   0x08000a18   0x00000060   Code   RO         3608    i._Z17OLED_I2C_SendByteh  oled.o
    0x08000a78   0x08000a78   0x00000020   Code   RO         3609    i._Z17OLED_WriteCommandh  oled.o
    0x08000a98   0x08000a98   0x00000018   Code   RO         3798    i._Z7Delay_sj       delay.o
    0x08000ab0   0x08000ab0   0x00000018   Code   RO         3799    i._Z8Delay_msj      delay.o
    0x08000ac8   0x08000ac8   0x0000002e   Code   RO         3800    i._Z8Delay_usj      delay.o
    0x08000af6   0x08000af6   0x00000014   Code   RO         3611    i._Z8OLED_Powjj     oled.o
    0x08000b0a   0x08000b0a   0x00000002   PAD
    0x08000b0c   0x08000b0c   0x000000d8   Code   RO         3864    i._Z9I2C2_ReadhhhPh  i2c_func.o
    0x08000be4   0x08000be4   0x000000ae   Code   RO         3612    i._Z9OLED_Initv     oled.o
    0x08000c92   0x08000c92   0x00000008   Code   RO         3743    i._ZN40_INTERNAL_18_system_stm32f10x_c_5d646a6711SetSysClockEv  system_stm32f10x.o
    0x08000c9a   0x08000c9a   0x00000002   PAD
    0x08000c9c   0x08000c9c   0x000000e0   Code   RO         3744    i._ZN40_INTERNAL_18_system_stm32f10x_c_5d646a6715SetSysClockTo72Ev  system_stm32f10x.o
    0x08000d7c   0x08000d7c   0x00000028   Code   RO         4020    i.main              main.o
    0x08000da4   0x08000da4   0x00000062   Code   RO         4070    x$fpl$d2f           fz_ws.l(d2f.o)
    0x08000e06   0x08000e06   0x00000002   PAD
    0x08000e08   0x08000e08   0x000002b0   Code   RO         4073    x$fpl$ddiv          fz_ws.l(ddiv.o)
    0x080010b8   0x080010b8   0x0000002e   Code   RO         4077    x$fpl$dflt          fz_ws.l(dflt_clz.o)
    0x080010e6   0x080010e6   0x00000002   PAD
    0x080010e8   0x080010e8   0x00000154   Code   RO         4082    x$fpl$dmul          fz_ws.l(dmul.o)
    0x0800123c   0x0800123c   0x0000009c   Code   RO         4201    x$fpl$dnaninf       fz_ws.l(dnaninf.o)
    0x080012d8   0x080012d8   0x0000000c   Code   RO         4203    x$fpl$dretinf       fz_ws.l(dretinf.o)
    0x080012e4   0x080012e4   0x00000018   Code   RO         4205    x$fpl$fcmpinf       fz_ws.l(fcmpi.o)
    0x080012fc   0x080012fc   0x00000036   Code   RO         4090    x$fpl$ffix          fz_ws.l(ffix.o)
    0x08001332   0x08001332   0x00000002   PAD
    0x08001334   0x08001334   0x00000068   Code   RO         4100    x$fpl$fleqf         fz_ws.l(fleqf.o)
    0x0800139c   0x0800139c   0x00000102   Code   RO         4102    x$fpl$fmul          fz_ws.l(fmul.o)
    0x0800149e   0x0800149e   0x0000008c   Code   RO         4211    x$fpl$fnaninf       fz_ws.l(fnaninf.o)
    0x0800152a   0x0800152a   0x0000000a   Code   RO         4213    x$fpl$fretinf       fz_ws.l(fretinf.o)
    0x08001534   0x08001534   0x00000062   Code   RO         4104    x$fpl$frleqf        fz_ws.l(frleqf.o)
    0x08001596   0x08001596   0x00000000   Code   RO         4219    x$fpl$usenofp       fz_ws.l(usenofp.o)
    0x08001596   0x08001596   0x000005f0   Data   RO         3629    .constdata          oled.o
    0x08001b86   0x08001b86   0x00000002   PAD
    0x08001b88   0x08001b88   0x00000020   Data   RO         4626    Region$$Table       anon$$obj.o


    Execution Region RW_IRAM1 (Exec base: 0x20000000, Load base: 0x08001ba8, Size: 0x00000690, Max: 0x00005000, ABSOLUTE)

    Exec Addr    Load Addr    Size         Type   Attr      Idx    E Section Name        Object

    0x20000000   0x08001ba8   0x00000005   Data   RW         3869    .data               i2c_func.o
    0x20000005   0x08001bad   0x00000003   PAD
    0x20000008   0x08001bb0   0x00000004   Data   RW         3910    .data               mpu6050.o
    0x2000000c   0x08001bb4   0x00000024   Data   RW         4024    .data               main.o
    0x20000030        -       0x00000060   Zero   RW         4237    .bss                c_w.l(libspace.o)
    0x20000090        -       0x00000200   Zero   RW         3735    HEAP                startup_stm32f10x_md.o
    0x20000290        -       0x00000400   Zero   RW         3734    STACK               startup_stm32f10x_md.o


==============================================================================

Image component sizes


      Code (inc. data)   RO Data    RW Data    ZI Data      Debug   Object Name

         0          0          0          0          0         32   core_cm3.o
        94          0          0          0          0       1356   delay.o
       268         24          0          5          0       1704   i2c_func.o
       744         74          0         36          0       1570   main.o
         0          0          0          0          0     214296   misc.o
       156          4          0          4          0       2241   mpu6050.o
       826         22       1520          0          0       7488   oled.o
        64         26        236          0       1536        784   startup_stm32f10x_md.o
       288          0          0          0          0      10712   stm32f10x_gpio.o
       144          0          0          0          0      13175   stm32f10x_i2c.o
        26          0          0          0          0       3602   stm32f10x_it.o
        32          6          0          0          0        525   stm32f10x_rcc.o
       328         28          0          0          0       1805   system_stm32f10x.o

    ----------------------------------------------------------------------
      2978        184       1790         48       1536     259290   Object Totals
         0          0         32          0          0          0   (incl. Generated)
         8          0          2          3          0          0   (incl. Padding)

    ----------------------------------------------------------------------

      Code (inc. data)   RO Data    RW Data    ZI Data      Debug   Library Member Name

         8          0          0          0          0         68   __main.o
         0          0          0          0          0          0   __rtentry.o
        12          0          0          0          0          0   __rtentry2.o
         6          0          0          0          0          0   __rtentry4.o
        52          8          0          0          0          0   __scatter.o
        26          0          0          0          0          0   __scatter_copy.o
        28          0          0          0          0          0   __scatter_zi.o
        18          0          0          0          0         80   exit.o
         6          0          0          0          0        152   heapauxi.o
         0          0          0          0          0          0   indicate_semi.o
         2          0          0          0          0          0   libinit.o
         2          0          0          0          0          0   libinit2.o
         2          0          0          0          0          0   libshutdown.o
         2          0          0          0          0          0   libshutdown2.o
         8          4          0          0         96         68   libspace.o
         2          0          0          0          0          0   rtexit.o
        10          0          0          0          0          0   rtexit2.o
        12          4          0          0          0         68   sys_exit.o
        74          0          0          0          0         80   sys_stackheap_outer.o
         2          0          0          0          0         68   use_no_semi.o
        98          4          0          0          0         92   d2f.o
       688        140          0          0          0        208   ddiv.o
        46          0          0          0          0         68   dflt_clz.o
       340         12          0          0          0        104   dmul.o
       156          4          0          0          0         92   dnaninf.o
        12          0          0          0          0         68   dretinf.o
        24          0          0          0          0         68   fcmpi.o
        54          4          0          0          0         84   ffix.o
       104          4          0          0          0         84   fleqf.o
       258          4          0          0          0         84   fmul.o
       140          4          0          0          0         84   fnaninf.o
        10          0          0          0          0         68   fretinf.o
        98          0          0          0          0         68   frleqf.o
         0          0          0          0          0          0   usenofp.o

    ----------------------------------------------------------------------
      2312        192          0          0         96       1756   Library Totals
        12          0          0          0          0          0   (incl. Padding)

    ----------------------------------------------------------------------

      Code (inc. data)   RO Data    RW Data    ZI Data      Debug   Library Name

       272         16          0          0         96        584   c_w.l
      2028        176          0          0          0       1172   fz_ws.l

    ----------------------------------------------------------------------
      2312        192          0          0         96       1756   Library Totals

    ----------------------------------------------------------------------

==============================================================================


      Code (inc. data)   RO Data    RW Data    ZI Data      Debug   

      5290        376       1790         48       1632     258182   Grand Totals
      5290        376       1790         48       1632     258182   ELF Image Totals
      5290        376       1790         48          0          0   ROM Totals

==============================================================================

    Total RO  Size (Code + RO Data)                 7080 (   6.91kB)
    Total RW  Size (RW Data + ZI Data)              1680 (   1.64kB)
    Total ROM Size (Code + RO Data + RW Data)       7128 (   6.96kB)

==============================================================================

